Component: ARM Compiler 5.06 update 7 (build 960) Tool: armlink [4d3601]

==============================================================================

Section Cross References

    main.o(i.mag_calibrate) refers to magnetometor.o(i.read_mag) for read_mag
    main.o(i.mag_calibrate) refers to fflti.o(.text) for __aeabi_i2f
    main.o(i.mag_calibrate) refers to frlef.o(x$fpl$frleqf) for __aeabi_cfrcmple
    main.o(i.mag_calibrate) refers to flef.o(x$fpl$fleqf) for __aeabi_cfcmple
    main.o(i.mag_calibrate) refers to led.o(i.delay) for delay
    main.o(i.mag_calibrate) refers to faddsub.o(x$fpl$fadd) for __aeabi_fadd
    main.o(i.mag_calibrate) refers to fdiv.o(.text) for __aeabi_fdiv
    main.o(i.mag_calibrate) refers to faddsub.o(x$fpl$fsub) for __aeabi_fsub
    main.o(i.mag_calibrate) refers to main.o(.data) for x
    main.o(i.main) refers to magnetometor.o(i.init_I2C) for init_I2C
    main.o(i.main) refers to magnetometor.o(i.init_mag) for init_mag
    main.o(i.main) refers to lcd.o(i.init_lcd) for init_lcd
    main.o(i.main) refers to led.o(i.init_LED) for init_LED
    main.o(i.main) refers to led.o(i.init_SW) for init_SW
    main.o(i.main) refers to led.o(i.init_SysTick_interrupt) for init_SysTick_interrupt
    main.o(i.main) refers to main.o(i.mag_calibrate) for mag_calibrate
    main.o(i.main) refers to magnetometor.o(i.read_mag) for read_mag
    main.o(i.main) refers to fflti.o(.text) for __aeabi_i2f
    main.o(i.main) refers to faddsub.o(x$fpl$fsub) for __aeabi_fsub
    main.o(i.main) refers to fmul.o(x$fpl$fmul) for __aeabi_fmul
    main.o(i.main) refers to f2d.o(.text) for __aeabi_f2d
    main.o(i.main) refers to atan2.o(i.atan2) for atan2
    main.o(i.main) refers to dmul.o(.text) for __aeabi_dmul
    main.o(i.main) refers to ddiv.o(.text) for __aeabi_ddiv
    main.o(i.main) refers to dfixi.o(.text) for __aeabi_d2iz
    main.o(i.main) refers to lcd.o(i.sLCD_write_number) for sLCD_write_number
    main.o(i.main) refers to led.o(i.delay) for delay
    main.o(i.main) refers to led.o(.data) for isSyspause
    main.o(i.main) refers to main.o(.data) for x
    lcd.o(i.sLCD_write) refers to lcd.o(.constdata) for ABC
    lcd.o(i.sLCD_write_number) refers to lcd.o(i.sLCD_write) for sLCD_write
    magnetometor.o(i.init_mag) refers to magnetometor.o(i.I2C_write) for I2C_write
    magnetometor.o(i.init_mag) refers to magnetometor.o(i.delay2) for delay2
    magnetometor.o(i.read_mag) refers to magnetometor.o(i.I2C_write) for I2C_write
    magnetometor.o(i.read_mag) refers to magnetometor.o(i.delay2) for delay2
    led.o(i.PORTC_PORTD_IRQHandler) refers to led.o(.data) for isSyspause
    led.o(i.SysTick_Handler) refers to led.o(.data) for msTick
    led.o(i.delay) refers to led.o(.data) for msTick
    led.o(i.init_SysTick_interrupt) refers to aeabi_sdiv.o(.text) for __aeabi_uidivmod
    led.o(i.init_SysTick_interrupt) refers to system_mkl46z4.o(.data) for SystemCoreClock
    startup_mkl46z4.o(RESET) refers to startup_mkl46z4.o(.text) for Reset_Handler
    startup_mkl46z4.o(RESET) refers to led.o(i.SysTick_Handler) for SysTick_Handler
    startup_mkl46z4.o(RESET) refers to led.o(i.PORTC_PORTD_IRQHandler) for PORTC_PORTD_IRQHandler
    startup_mkl46z4.o(.text) refers to startup_mkl46z4.o(FlashConfig) for FlashConfig
    startup_mkl46z4.o(.text) refers to startup_mkl46z4.o(RESET) for __Vectors
    startup_mkl46z4.o(.text) refers to system_mkl46z4.o(i.SystemInit) for SystemInit
    startup_mkl46z4.o(.text) refers to __main.o(!!!main) for __main
    system_mkl46z4.o(i.SystemCoreClockUpdate) refers to aeabi_sdiv.o(.text) for __aeabi_uidivmod
    system_mkl46z4.o(i.SystemCoreClockUpdate) refers to system_mkl46z4.o(i.__ARM_common_switch8) for __ARM_common_switch8
    system_mkl46z4.o(i.SystemCoreClockUpdate) refers to system_mkl46z4.o(.data) for SystemCoreClock
    system_mkl46z4.o(i.SystemInit) refers to system_mkl46z4.o(i.SystemInitHook) for SystemInitHook
    __main.o(!!!main) refers to __rtentry.o(.ARM.Collect$$rtentry$$00000000) for __rt_entry
    ddiv.o(.text) refers (Special) to usenofp.o(x$fpl$usenofp) for __I$use$fp
    ddiv.o(.text) refers to ddiv.o(.constdata) for .constdata
    ddiv.o(.constdata) refers (Special) to usenofp.o(x$fpl$usenofp) for __I$use$fp
    dfixi.o(.text) refers (Special) to usenofp.o(x$fpl$usenofp) for __I$use$fp
    dmul.o(.text) refers (Special) to usenofp.o(x$fpl$usenofp) for __I$use$fp
    f2d.o(.text) refers (Special) to usenofp.o(x$fpl$usenofp) for __I$use$fp
    faddsub.o(x$fpl$fadd) refers (Special) to usenofp.o(x$fpl$usenofp) for __I$use$fp
    faddsub.o(x$fpl$fadd) refers to faddsub.o(x$fpl$fsub) for _fsub1
    faddsub.o(x$fpl$frsb) refers (Special) to usenofp.o(x$fpl$usenofp) for __I$use$fp
    faddsub.o(x$fpl$frsb) refers to faddsub.o(x$fpl$fsub) for _fsub1
    faddsub.o(x$fpl$frsb) refers to faddsub.o(x$fpl$fadd) for _fadd1
    faddsub.o(x$fpl$fsub) refers (Special) to usenofp.o(x$fpl$usenofp) for __I$use$fp
    faddsub.o(x$fpl$fsub) refers to faddsub.o(x$fpl$fadd) for _fadd1
    fdiv.o(.text) refers (Special) to usenofp.o(x$fpl$usenofp) for __I$use$fp
    fdiv.o(.text) refers to fdiv.o(.constdata) for .constdata
    fdiv.o(.constdata) refers (Special) to usenofp.o(x$fpl$usenofp) for __I$use$fp
    fflti.o(.text) refers (Special) to usenofp.o(x$fpl$usenofp) for __I$use$fp
    flef.o(x$fpl$fleqf) refers (Special) to usenofp.o(x$fpl$usenofp) for __I$use$fp
    flef.o(x$fpl$fleqf) refers to fcmpin.o(.text) for __fpl_fcmp_InfNaN
    fmul.o(x$fpl$fmul) refers (Special) to usenofp.o(x$fpl$usenofp) for __I$use$fp
    frlef.o(x$fpl$frleqf) refers (Special) to usenofp.o(x$fpl$usenofp) for __I$use$fp
    frlef.o(x$fpl$frleqf) refers to fcmpin.o(.text) for __fpl_fcmp_InfNaN
    atan2.o(i.__softfp_atan2) refers (Special) to usenofp.o(x$fpl$usenofp) for __I$use$fp
    atan2.o(i.__softfp_atan2) refers to atan2.o(i.atan2) for atan2
    atan2.o(i.atan2) refers (Special) to usenofp.o(x$fpl$usenofp) for __I$use$fp
    atan2.o(i.atan2) refers to dunder.o(i.__mathlib_dbl_infnan2) for __mathlib_dbl_infnan2
    atan2.o(i.atan2) refers to atan.o(i.atan) for atan
    atan2.o(i.atan2) refers to ddiv.o(.text) for __aeabi_ddiv
    atan2.o(i.atan2) refers to daddsub.o(.text) for __aeabi_dsub
    atan2.o(i.atan2) refers to deqf.o(x$fpl$deqf) for __aeabi_cdcmpeq
    atan2.o(i.atan2) refers to _rserrno.o(.text) for __set_errno
    atan2.o(i.atan2) refers to qnan.o(.constdata) for __mathlib_zero
    atan2_x.o(i.____softfp_atan2$lsc) refers (Special) to usenofp.o(x$fpl$usenofp) for __I$use$fp
    atan2_x.o(i.____softfp_atan2$lsc) refers to atan2_x.o(i.__atan2$lsc) for __atan2$lsc
    atan2_x.o(i.__atan2$lsc) refers (Special) to usenofp.o(x$fpl$usenofp) for __I$use$fp
    atan2_x.o(i.__atan2$lsc) refers to dunder.o(i.__mathlib_dbl_infnan2) for __mathlib_dbl_infnan2
    atan2_x.o(i.__atan2$lsc) refers to atan.o(i.atan) for atan
    atan2_x.o(i.__atan2$lsc) refers to _rserrno.o(.text) for __set_errno
    atan2_x.o(i.__atan2$lsc) refers to ddiv.o(.text) for __aeabi_ddiv
    atan2_x.o(i.__atan2$lsc) refers to daddsub.o(.text) for __aeabi_dsub
    atan2_x.o(i.__atan2$lsc) refers to deqf.o(x$fpl$deqf) for __aeabi_cdcmpeq
    atan2_x.o(i.__atan2$lsc) refers to qnan.o(.constdata) for __mathlib_zero
    __rtentry.o(.ARM.Collect$$rtentry$$00000000) refers (Special) to __rtentry2.o(.ARM.Collect$$rtentry$$0000000A) for __rt_entry_li
    __rtentry.o(.ARM.Collect$$rtentry$$00000000) refers (Special) to __rtentry2.o(.ARM.Collect$$rtentry$$0000000D) for __rt_entry_main
    __rtentry.o(.ARM.Collect$$rtentry$$00000000) refers (Special) to __rtentry2.o(.ARM.Collect$$rtentry$$0000000C) for __rt_entry_postli_1
    __rtentry.o(.ARM.Collect$$rtentry$$00000000) refers (Special) to __rtentry2.o(.ARM.Collect$$rtentry$$00000009) for __rt_entry_postsh_1
    __rtentry.o(.ARM.Collect$$rtentry$$00000000) refers (Special) to __rtentry2.o(.ARM.Collect$$rtentry$$00000002) for __rt_entry_presh_1
    __rtentry.o(.ARM.Collect$$rtentry$$00000000) refers (Special) to __rtentry7.o(.ARM.Collect$$rtentry$$00000007) for __rt_entry_sh
    aeabi_idiv0_sigfpe.o(.text) refers to rt_div0.o(.text) for __rt_div0
    _rserrno.o(.text) refers to rt_errno_addr_intlibspace.o(.text) for __aeabi_errno_addr
    daddsub.o(.text) refers (Special) to usenofp.o(x$fpl$usenofp) for __I$use$fp
    deqf.o(x$fpl$deqf) refers (Special) to usenofp.o(x$fpl$usenofp) for __I$use$fp
    deqf.o(x$fpl$deqf) refers to dcmpin.o(.text) for __fpl_dcmp_InfNaN
    fcmpin.o(.text) refers (Special) to usenofp.o(x$fpl$usenofp) for __I$use$fp
    fcmpin.o(.text) refers to cmpret.o(.text) for __fpl_cmpreturn
    fcmpin.o(.text) refers to fnan2.o(.text) for __fpl_fcheck_NaN2
    atan.o(i.__softfp_atan) refers (Special) to usenofp.o(x$fpl$usenofp) for __I$use$fp
    atan.o(i.__softfp_atan) refers to atan.o(i.atan) for atan
    atan.o(i.atan) refers (Special) to usenofp.o(x$fpl$usenofp) for __I$use$fp
    atan.o(i.atan) refers to dunder.o(i.__mathlib_dbl_infnan) for __mathlib_dbl_infnan
    atan.o(i.atan) refers to fpclassify.o(i.__ARM_fpclassify) for __ARM_fpclassify
    atan.o(i.atan) refers to dunder.o(i.__mathlib_dbl_underflow) for __mathlib_dbl_underflow
    atan.o(i.atan) refers to daddsub.o(.text) for __aeabi_dadd
    atan.o(i.atan) refers to dscalbn.o(.text) for __ARM_scalbn
    atan.o(i.atan) refers to ddiv.o(.text) for __aeabi_ddiv
    atan.o(i.atan) refers to dmul.o(.text) for __aeabi_dmul
    atan.o(i.atan) refers to poly.o(i.__kernel_poly) for __kernel_poly
    atan.o(i.atan) refers to atan.o(.constdata) for .constdata
    atan.o(.constdata) refers (Special) to usenofp.o(x$fpl$usenofp) for __I$use$fp
    atan_x.o(i.____softfp_atan$lsc) refers (Special) to usenofp.o(x$fpl$usenofp) for __I$use$fp
    atan_x.o(i.____softfp_atan$lsc) refers to atan_x.o(i.__atan$lsc) for __atan$lsc
    atan_x.o(i.__atan$lsc) refers (Special) to usenofp.o(x$fpl$usenofp) for __I$use$fp
    atan_x.o(i.__atan$lsc) refers to dunder.o(i.__mathlib_dbl_infnan) for __mathlib_dbl_infnan
    atan_x.o(i.__atan$lsc) refers to daddsub.o(.text) for __aeabi_dadd
    atan_x.o(i.__atan$lsc) refers to dscalbn.o(.text) for __ARM_scalbn
    atan_x.o(i.__atan$lsc) refers to ddiv.o(.text) for __aeabi_ddiv
    atan_x.o(i.__atan$lsc) refers to dmul.o(.text) for __aeabi_dmul
    atan_x.o(i.__atan$lsc) refers to poly.o(i.__kernel_poly) for __kernel_poly
    atan_x.o(i.__atan$lsc) refers to atan_x.o(.constdata) for .constdata
    atan_x.o(.constdata) refers (Special) to usenofp.o(x$fpl$usenofp) for __I$use$fp
    dunder.o(i.__mathlib_dbl_divzero) refers to ddiv.o(.text) for __aeabi_ddiv
    dunder.o(i.__mathlib_dbl_infnan) refers to dscalbn.o(.text) for __ARM_scalbn
    dunder.o(i.__mathlib_dbl_infnan2) refers to daddsub.o(.text) for __aeabi_dadd
    dunder.o(i.__mathlib_dbl_invalid) refers to ddiv.o(.text) for __aeabi_ddiv
    dunder.o(i.__mathlib_dbl_overflow) refers to dscalbn.o(.text) for __ARM_scalbn
    dunder.o(i.__mathlib_dbl_posinfnan) refers to dmul.o(.text) for __aeabi_dmul
    dunder.o(i.__mathlib_dbl_underflow) refers to dscalbn.o(.text) for __ARM_scalbn
    qnan.o(.constdata) refers (Special) to usenofp.o(x$fpl$usenofp) for __I$use$fp
    __rtentry2.o(.ARM.Collect$$rtentry$$00000008) refers to boardinit2.o(.text) for _platform_post_stackheap_init
    __rtentry2.o(.ARM.Collect$$rtentry$$0000000A) refers to libinit.o(.ARM.Collect$$libinit$$00000000) for __rt_lib_init
    __rtentry2.o(.ARM.Collect$$rtentry$$0000000B) refers to boardinit3.o(.text) for _platform_post_lib_init
    __rtentry2.o(.ARM.Collect$$rtentry$$0000000D) refers to main.o(i.main) for main
    __rtentry2.o(.ARM.Collect$$rtentry$$0000000D) refers to exit.o(.text) for exit
    __rtentry2.o(.ARM.exidx) refers to __rtentry2.o(.ARM.Collect$$rtentry$$00000001) for .ARM.Collect$$rtentry$$00000001
    __rtentry2.o(.ARM.exidx) refers to __rtentry2.o(.ARM.Collect$$rtentry$$00000008) for .ARM.Collect$$rtentry$$00000008
    __rtentry2.o(.ARM.exidx) refers to __rtentry2.o(.ARM.Collect$$rtentry$$0000000A) for .ARM.Collect$$rtentry$$0000000A
    __rtentry2.o(.ARM.exidx) refers to __rtentry2.o(.ARM.Collect$$rtentry$$0000000B) for .ARM.Collect$$rtentry$$0000000B
    __rtentry2.o(.ARM.exidx) refers to __rtentry2.o(.ARM.Collect$$rtentry$$0000000D) for .ARM.Collect$$rtentry$$0000000D
    __rtentry4.o(.ARM.Collect$$rtentry$$00000004) refers to sys_stackheap_outer.o(.text) for __user_setup_stackheap
    __rtentry4.o(.ARM.exidx) refers to __rtentry4.o(.ARM.Collect$$rtentry$$00000004) for .ARM.Collect$$rtentry$$00000004
    __rtentry7.o(.ARM.Collect$$rtentry$$00000007) refers to __rtentry7.o(.ARM.Collect$$rtentry$$00002718) for __lit__00000000
    __rtentry7.o(__vectab_stack_and_reset_2_area) refers to __main.o(!!!main) for __main
    __rtentry7.o(.ARM.exidx) refers to __rtentry7.o(.ARM.Collect$$rtentry$$00000007) for .ARM.Collect$$rtentry$$00000007
    __rtentry7.o(.ARM.exidx) refers to __rtentry7.o(.ARM.Collect$$rtentry$$00002718) for .ARM.Collect$$rtentry$$00002718
    rt_div0.o(.text) refers to defsig_fpe_outer.o(.text) for __rt_SIGFPE
    rt_errno_addr.o(.text) refers to rt_errno_addr.o(.bss) for __aeabi_errno_addr_data
    rt_errno_addr_intlibspace.o(.text) refers to libspace.o(.bss) for __libspace_start
    cmpret.o(.text) refers (Special) to usenofp.o(x$fpl$usenofp) for __I$use$fp
    dcmpin.o(.text) refers (Special) to usenofp.o(x$fpl$usenofp) for __I$use$fp
    dcmpin.o(.text) refers to cmpret.o(.text) for __fpl_cmpreturn
    dcmpin.o(.text) refers to dnan2.o(.text) for __fpl_dcheck_NaN2
    dscalbn.o(.text) refers (Special) to usenofp.o(x$fpl$usenofp) for __I$use$fp
    fnan2.o(.text) refers (Special) to usenofp.o(x$fpl$usenofp) for __I$use$fp
    fnan2.o(.text) refers to retnan.o(.text) for __fpl_return_NaN
    fpclassify.o(i.__ARM_fpclassify) refers (Special) to usenofp.o(x$fpl$usenofp) for __I$use$fp
    poly.o(i.__kernel_poly) refers (Special) to usenofp.o(x$fpl$usenofp) for __I$use$fp
    poly.o(i.__kernel_poly) refers to dmul.o(.text) for __aeabi_dmul
    poly.o(i.__kernel_poly) refers to daddsub.o(.text) for __aeabi_dadd
    libspace.o(.text) refers to libspace.o(.bss) for __libspace_start
    sys_stackheap_outer.o(.text) refers to libspace.o(.text) for __user_perproc_libspace
    sys_stackheap_outer.o(.text) refers to sys_stackheap.o(.text) for __user_initial_stackheap
    sys_stackheap_outer.o(__vectab_stack_and_reset_area) refers to tempstk.o(.text) for __temporary_stack_top
    sys_stackheap_outer.o(__vectab_stack_and_reset_area) refers to __main.o(!!!main) for __main
    exit.o(.text) refers to rtexit.o(.ARM.Collect$$rtexit$$00000000) for __rt_exit
    defsig_fpe_outer.o(.text) refers to defsig_fpe_inner.o(.text) for __rt_SIGFPE_inner
    defsig_fpe_outer.o(.text) refers to defsig_exit.o(.text) for __sig_exit
    defsig_fpe_formal.o(.text) refers to rt_raise.o(.text) for __rt_raise
    libinit.o(.ARM.Collect$$libinit$$00000000) refers (Special) to libinit2.o(.ARM.Collect$$libinit$$0000002E) for __rt_lib_init_alloca_1
    libinit.o(.ARM.Collect$$libinit$$00000000) refers (Special) to libinit2.o(.ARM.Collect$$libinit$$0000002C) for __rt_lib_init_argv_1
    libinit.o(.ARM.Collect$$libinit$$00000000) refers (Special) to libinit2.o(.ARM.Collect$$libinit$$0000001B) for __rt_lib_init_atexit_1
    libinit.o(.ARM.Collect$$libinit$$00000000) refers (Special) to libinit2.o(.ARM.Collect$$libinit$$00000021) for __rt_lib_init_clock_1
    libinit.o(.ARM.Collect$$libinit$$00000000) refers (Special) to libinit2.o(.ARM.Collect$$libinit$$00000032) for __rt_lib_init_cpp_1
    libinit.o(.ARM.Collect$$libinit$$00000000) refers (Special) to libinit2.o(.ARM.Collect$$libinit$$00000030) for __rt_lib_init_exceptions_1
    libinit.o(.ARM.Collect$$libinit$$00000000) refers (Special) to libinit2.o(.ARM.Collect$$libinit$$00000002) for __rt_lib_init_fp_1
    libinit.o(.ARM.Collect$$libinit$$00000000) refers (Special) to libinit2.o(.ARM.Collect$$libinit$$0000001F) for __rt_lib_init_fp_trap_1
    libinit.o(.ARM.Collect$$libinit$$00000000) refers (Special) to libinit2.o(.ARM.Collect$$libinit$$00000023) for __rt_lib_init_getenv_1
    libinit.o(.ARM.Collect$$libinit$$00000000) refers (Special) to libinit2.o(.ARM.Collect$$libinit$$0000000A) for __rt_lib_init_heap_1
    libinit.o(.ARM.Collect$$libinit$$00000000) refers (Special) to libinit2.o(.ARM.Collect$$libinit$$00000011) for __rt_lib_init_lc_collate_1
    libinit.o(.ARM.Collect$$libinit$$00000000) refers (Special) to libinit2.o(.ARM.Collect$$libinit$$00000013) for __rt_lib_init_lc_ctype_1
    libinit.o(.ARM.Collect$$libinit$$00000000) refers (Special) to libinit2.o(.ARM.Collect$$libinit$$00000015) for __rt_lib_init_lc_monetary_1
    libinit.o(.ARM.Collect$$libinit$$00000000) refers (Special) to libinit2.o(.ARM.Collect$$libinit$$00000017) for __rt_lib_init_lc_numeric_1
    libinit.o(.ARM.Collect$$libinit$$00000000) refers (Special) to libinit2.o(.ARM.Collect$$libinit$$00000019) for __rt_lib_init_lc_time_1
    libinit.o(.ARM.Collect$$libinit$$00000000) refers (Special) to libinit2.o(.ARM.Collect$$libinit$$00000004) for __rt_lib_init_preinit_1
    libinit.o(.ARM.Collect$$libinit$$00000000) refers (Special) to libinit2.o(.ARM.Collect$$libinit$$0000000E) for __rt_lib_init_rand_1
    libinit.o(.ARM.Collect$$libinit$$00000000) refers (Special) to libinit2.o(.ARM.Collect$$libinit$$00000033) for __rt_lib_init_return
    libinit.o(.ARM.Collect$$libinit$$00000000) refers (Special) to libinit2.o(.ARM.Collect$$libinit$$0000001D) for __rt_lib_init_signal_1
    libinit.o(.ARM.Collect$$libinit$$00000000) refers (Special) to libinit2.o(.ARM.Collect$$libinit$$00000025) for __rt_lib_init_stdio_1
    libinit.o(.ARM.Collect$$libinit$$00000000) refers (Special) to libinit2.o(.ARM.Collect$$libinit$$0000000C) for __rt_lib_init_user_alloc_1
    dnan2.o(.text) refers (Special) to usenofp.o(x$fpl$usenofp) for __I$use$fp
    dnan2.o(.text) refers to retnan.o(.text) for __fpl_return_NaN
    retnan.o(.text) refers (Special) to usenofp.o(x$fpl$usenofp) for __I$use$fp
    retnan.o(.text) refers to cmpret.o(.text) for __fpl_cmpreturn
    sys_stackheap.o(.text) refers (Special) to indicate_semi.o(.text) for __semihosting_library_function
    sys_stackheap.o(.text) refers to use_no_semi.o(.text) for __I$use$semihosting
    rtexit.o(.ARM.Collect$$rtexit$$00000000) refers (Special) to rtexit2.o(.ARM.Collect$$rtexit$$00000004) for __rt_exit_exit
    rtexit.o(.ARM.Collect$$rtexit$$00000000) refers (Special) to rtexit2.o(.ARM.Collect$$rtexit$$00000003) for __rt_exit_ls
    rtexit.o(.ARM.Collect$$rtexit$$00000000) refers (Special) to rtexit2.o(.ARM.Collect$$rtexit$$00000002) for __rt_exit_prels_1
    rtexit.o(.ARM.exidx) refers (Special) to rtexit2.o(.ARM.Collect$$rtexit$$00000004) for __rt_exit_exit
    rtexit.o(.ARM.exidx) refers (Special) to rtexit2.o(.ARM.Collect$$rtexit$$00000003) for __rt_exit_ls
    rtexit.o(.ARM.exidx) refers (Special) to rtexit2.o(.ARM.Collect$$rtexit$$00000002) for __rt_exit_prels_1
    rtexit.o(.ARM.exidx) refers to rtexit.o(.ARM.Collect$$rtexit$$00000000) for .ARM.Collect$$rtexit$$00000000
    rt_raise.o(.text) refers to __raise.o(.text) for __raise
    rt_raise.o(.text) refers to sys_exit.o(.text) for _sys_exit
    defsig_exit.o(.text) refers to sys_exit.o(.text) for _sys_exit
    defsig_fpe_inner.o(.text) refers to defsig_general.o(.text) for __default_signal_display
    libinit2.o(.ARM.Collect$$libinit$$00000010) refers to libinit2.o(.ARM.Collect$$libinit$$0000000F) for .ARM.Collect$$libinit$$0000000F
    libinit2.o(.ARM.Collect$$libinit$$00000012) refers to libinit2.o(.ARM.Collect$$libinit$$0000000F) for .ARM.Collect$$libinit$$0000000F
    libinit2.o(.ARM.Collect$$libinit$$00000014) refers to libinit2.o(.ARM.Collect$$libinit$$0000000F) for .ARM.Collect$$libinit$$0000000F
    libinit2.o(.ARM.Collect$$libinit$$00000016) refers to libinit2.o(.ARM.Collect$$libinit$$0000000F) for .ARM.Collect$$libinit$$0000000F
    libinit2.o(.ARM.Collect$$libinit$$00000018) refers to libinit2.o(.ARM.Collect$$libinit$$0000000F) for .ARM.Collect$$libinit$$0000000F
    libinit2.o(.ARM.Collect$$libinit$$00000026) refers to argv_veneer.o(.text) for __ARM_argv_veneer
    libinit2.o(.ARM.Collect$$libinit$$00000027) refers to argv_veneer.o(.text) for __ARM_argv_veneer
    libinit5.o(.ARM.Collect$$libinit$$00000008) refers to libinit5.o(.ARM.Collect$$libinit$$00002719) for __lit__00000000
    libinit5.o(.ARM.Collect$$libinit$$0000002A) refers to libinit5.o(.ARM.Collect$$libinit$$0000273B) for __lit__00000002
    libinit5.o(.ARM.Collect$$libinit$$0000002A) refers to argv_veneer.o(.text) for __ARM_argv_veneer
    sys_exit.o(.text) refers (Special) to use_no_semi.o(.text) for __I$use$semihosting
    sys_exit.o(.text) refers (Special) to indicate_semi.o(.text) for __semihosting_library_function
    rtexit2.o(.ARM.Collect$$rtexit$$00000003) refers to libshutdown.o(.ARM.Collect$$libshutdown$$00000000) for __rt_lib_shutdown
    rtexit2.o(.ARM.Collect$$rtexit$$00000004) refers to sys_exit.o(.text) for _sys_exit
    rtexit2.o(.ARM.exidx) refers to rtexit2.o(.ARM.Collect$$rtexit$$00000001) for .ARM.Collect$$rtexit$$00000001
    rtexit2.o(.ARM.exidx) refers to rtexit2.o(.ARM.Collect$$rtexit$$00000003) for .ARM.Collect$$rtexit$$00000003
    rtexit2.o(.ARM.exidx) refers to rtexit2.o(.ARM.Collect$$rtexit$$00000004) for .ARM.Collect$$rtexit$$00000004
    __raise.o(.text) refers to defsig.o(CL$$defsig) for __default_signal_handler
    defsig_general.o(.text) refers to sys_wrch.o(.text) for _ttywrch
    sys_wrch.o(.text) refers (Special) to use_no_semi.o(.text) for __I$use$semihosting
    sys_wrch.o(.text) refers (Special) to indicate_semi.o(.text) for __semihosting_library_function
    defsig.o(CL$$defsig) refers to defsig_fpe_inner.o(.text) for __rt_SIGFPE_inner
    defsig.o(CL$$defsig) refers to defsig_rtmem_inner.o(.text) for __rt_SIGRTMEM_inner
    _get_argv_nomalloc.o(.text) refers (Special) to hrguard.o(.text) for __heap_region$guard
    _get_argv_nomalloc.o(.text) refers to defsig_rtmem_outer.o(.text) for __rt_SIGRTMEM
    _get_argv_nomalloc.o(.text) refers to sys_command.o(.text) for _sys_command_string
    libshutdown.o(.ARM.Collect$$libshutdown$$00000000) refers (Special) to libshutdown2.o(.ARM.Collect$$libshutdown$$00000004) for __rt_lib_shutdown_cpp_1
    libshutdown.o(.ARM.Collect$$libshutdown$$00000000) refers (Special) to libshutdown2.o(.ARM.Collect$$libshutdown$$00000002) for __rt_lib_shutdown_fini_1
    libshutdown.o(.ARM.Collect$$libshutdown$$00000000) refers (Special) to libshutdown2.o(.ARM.Collect$$libshutdown$$00000009) for __rt_lib_shutdown_fp_trap_1
    libshutdown.o(.ARM.Collect$$libshutdown$$00000000) refers (Special) to libshutdown2.o(.ARM.Collect$$libshutdown$$00000011) for __rt_lib_shutdown_heap_1
    libshutdown.o(.ARM.Collect$$libshutdown$$00000000) refers (Special) to libshutdown2.o(.ARM.Collect$$libshutdown$$00000012) for __rt_lib_shutdown_return
    libshutdown.o(.ARM.Collect$$libshutdown$$00000000) refers (Special) to libshutdown2.o(.ARM.Collect$$libshutdown$$0000000C) for __rt_lib_shutdown_signal_1
    libshutdown.o(.ARM.Collect$$libshutdown$$00000000) refers (Special) to libshutdown2.o(.ARM.Collect$$libshutdown$$00000006) for __rt_lib_shutdown_stdio_1
    libshutdown.o(.ARM.Collect$$libshutdown$$00000000) refers (Special) to libshutdown2.o(.ARM.Collect$$libshutdown$$0000000E) for __rt_lib_shutdown_user_alloc_1
    sys_command.o(.text) refers (Special) to use_no_semi.o(.text) for __I$use$semihosting
    sys_command.o(.text) refers (Special) to indicate_semi.o(.text) for __semihosting_library_function
    defsig_abrt_inner.o(.text) refers to defsig_general.o(.text) for __default_signal_display
    defsig_rtred_inner.o(.text) refers to defsig_general.o(.text) for __default_signal_display
    defsig_rtmem_inner.o(.text) refers to defsig_general.o(.text) for __default_signal_display
    defsig_rtmem_outer.o(.text) refers to defsig_rtmem_inner.o(.text) for __rt_SIGRTMEM_inner
    defsig_rtmem_outer.o(.text) refers to defsig_exit.o(.text) for __sig_exit
    defsig_rtmem_formal.o(.text) refers to rt_raise.o(.text) for __rt_raise
    defsig_stak_inner.o(.text) refers to defsig_general.o(.text) for __default_signal_display
    defsig_pvfn_inner.o(.text) refers to defsig_general.o(.text) for __default_signal_display
    defsig_cppl_inner.o(.text) refers to defsig_general.o(.text) for __default_signal_display
    defsig_segv_inner.o(.text) refers to defsig_general.o(.text) for __default_signal_display
    defsig_other.o(.text) refers to defsig_general.o(.text) for __default_signal_display


==============================================================================

Removing Unused input sections from the image.

    Removing main.o(.rev16_text), (4 bytes).
    Removing main.o(.revsh_text), (4 bytes).
    Removing lcd.o(.rev16_text), (4 bytes).
    Removing lcd.o(.revsh_text), (4 bytes).
    Removing magnetometor.o(.rev16_text), (4 bytes).
    Removing magnetometor.o(.revsh_text), (4 bytes).
    Removing led.o(.rev16_text), (4 bytes).
    Removing led.o(.revsh_text), (4 bytes).
    Removing system_mkl46z4.o(.rev16_text), (4 bytes).
    Removing system_mkl46z4.o(.revsh_text), (4 bytes).
    Removing system_mkl46z4.o(i.SystemCoreClockUpdate), (400 bytes).
    Removing system_mkl46z4.o(i.__ARM_common_switch8), (28 bytes).

12 unused section(s) (total 468 bytes) removed from the image.

==============================================================================

Image Symbol Table

    Local Symbols

    Symbol Name                              Value     Ov Type        Size  Object(Section)

    RESET                                    0x00000000   Section      192  startup_mkl46z4.o(RESET)
    ../clib/angel/boardlib.s                 0x00000000   Number         0  boardinit1.o ABSOLUTE
    ../clib/angel/boardlib.s                 0x00000000   Number         0  boardinit3.o ABSOLUTE
    ../clib/angel/boardlib.s                 0x00000000   Number         0  boardinit2.o ABSOLUTE
    ../clib/angel/boardlib.s                 0x00000000   Number         0  boardshut.o ABSOLUTE
    ../clib/angel/handlers.s                 0x00000000   Number         0  __scatter_zi.o ABSOLUTE
    ../clib/angel/handlers.s                 0x00000000   Number         0  __scatter_copy.o ABSOLUTE
    ../clib/angel/kernel.s                   0x00000000   Number         0  __rtentry2.o ABSOLUTE
    ../clib/angel/kernel.s                   0x00000000   Number         0  __rtentry4.o ABSOLUTE
    ../clib/angel/kernel.s                   0x00000000   Number         0  rtexit.o ABSOLUTE
    ../clib/angel/kernel.s                   0x00000000   Number         0  __rtentry.o ABSOLUTE
    ../clib/angel/kernel.s                   0x00000000   Number         0  __rtentry7.o ABSOLUTE
    ../clib/angel/kernel.s                   0x00000000   Number         0  rtexit2.o ABSOLUTE
    ../clib/angel/rt.s                       0x00000000   Number         0  rt_errno_addr_intlibspace.o ABSOLUTE
    ../clib/angel/rt.s                       0x00000000   Number         0  rt_errno_addr.o ABSOLUTE
    ../clib/angel/rt.s                       0x00000000   Number         0  rt_div0.o ABSOLUTE
    ../clib/angel/rt.s                       0x00000000   Number         0  aeabi_idiv0_sigfpe.o ABSOLUTE
    ../clib/angel/rt.s                       0x00000000   Number         0  aeabi_idiv0.o ABSOLUTE
    ../clib/angel/rt.s                       0x00000000   Number         0  rt_raise.o ABSOLUTE
    ../clib/angel/scatterp.s                 0x00000000   Number         0  __scatter.o ABSOLUTE
    ../clib/angel/startup.s                  0x00000000   Number         0  __main.o ABSOLUTE
    ../clib/angel/sys.s                      0x00000000   Number         0  use_no_semi.o ABSOLUTE
    ../clib/angel/sys.s                      0x00000000   Number         0  libspace.o ABSOLUTE
    ../clib/angel/sys.s                      0x00000000   Number         0  sys_stackheap_outer.o ABSOLUTE
    ../clib/angel/sys.s                      0x00000000   Number         0  sys_stackheap.o ABSOLUTE
    ../clib/angel/sys.s                      0x00000000   Number         0  tempstk.o ABSOLUTE
    ../clib/angel/sys.s                      0x00000000   Number         0  indicate_semi.o ABSOLUTE
    ../clib/angel/sysapp.c                   0x00000000   Number         0  sys_exit.o ABSOLUTE
    ../clib/angel/sysapp.c                   0x00000000   Number         0  sys_wrch.o ABSOLUTE
    ../clib/angel/sysapp.c                   0x00000000   Number         0  sys_command.o ABSOLUTE
    ../clib/armsys.c                         0x00000000   Number         0  _get_argv_nomalloc.o ABSOLUTE
    ../clib/armsys.c                         0x00000000   Number         0  no_argv.o ABSOLUTE
    ../clib/armsys.c                         0x00000000   Number         0  argv_veneer.o ABSOLUTE
    ../clib/division.s                       0x00000000   Number         0  aeabi_sdiv.o ABSOLUTE
    ../clib/division.s                       0x00000000   Number         0  aeabi_sdiv_div0.o ABSOLUTE
    ../clib/fenv.c                           0x00000000   Number         0  _rserrno.o ABSOLUTE
    ../clib/heapalloc.c                      0x00000000   Number         0  hrguard.o ABSOLUTE
    ../clib/libinit.s                        0x00000000   Number         0  libinit.o ABSOLUTE
    ../clib/libinit.s                        0x00000000   Number         0  libinit2.o ABSOLUTE
    ../clib/libinit.s                        0x00000000   Number         0  libinit5.o ABSOLUTE
    ../clib/libinit.s                        0x00000000   Number         0  libshutdown2.o ABSOLUTE
    ../clib/libinit.s                        0x00000000   Number         0  libshutdown.o ABSOLUTE
    ../clib/signal.c                         0x00000000   Number         0  defsig_fpe_outer.o ABSOLUTE
    ../clib/signal.c                         0x00000000   Number         0  defsig_other.o ABSOLUTE
    ../clib/signal.c                         0x00000000   Number         0  defsig_segv_inner.o ABSOLUTE
    ../clib/signal.c                         0x00000000   Number         0  defsig_cppl_inner.o ABSOLUTE
    ../clib/signal.c                         0x00000000   Number         0  defsig_stak_inner.o ABSOLUTE
    ../clib/signal.c                         0x00000000   Number         0  defsig_rtmem_formal.o ABSOLUTE
    ../clib/signal.c                         0x00000000   Number         0  defsig_rtmem_outer.o ABSOLUTE
    ../clib/signal.c                         0x00000000   Number         0  defsig_rtmem_inner.o ABSOLUTE
    ../clib/signal.c                         0x00000000   Number         0  defsig_rtred_inner.o ABSOLUTE
    ../clib/signal.c                         0x00000000   Number         0  defsig_abrt_inner.o ABSOLUTE
    ../clib/signal.c                         0x00000000   Number         0  defsig_pvfn_inner.o ABSOLUTE
    ../clib/signal.c                         0x00000000   Number         0  defsig_general.o ABSOLUTE
    ../clib/signal.c                         0x00000000   Number         0  __raise.o ABSOLUTE
    ../clib/signal.c                         0x00000000   Number         0  defsig_fpe_inner.o ABSOLUTE
    ../clib/signal.c                         0x00000000   Number         0  defsig_exit.o ABSOLUTE
    ../clib/signal.c                         0x00000000   Number         0  defsig_fpe_formal.o ABSOLUTE
    ../clib/signal.s                         0x00000000   Number         0  defsig.o ABSOLUTE
    ../clib/stdlib.c                         0x00000000   Number         0  exit.o ABSOLUTE
    ../fplib/cfplib/cmpret.c                 0x00000000   Number         0  cmpret.o ABSOLUTE
    ../fplib/cfplib/daddsub.c                0x00000000   Number         0  daddsub.o ABSOLUTE
    ../fplib/cfplib/dcmpin.c                 0x00000000   Number         0  dcmpin.o ABSOLUTE
    ../fplib/cfplib/ddiv.c                   0x00000000   Number         0  ddiv.o ABSOLUTE
    ../fplib/cfplib/dmul.c                   0x00000000   Number         0  dmul.o ABSOLUTE
    ../fplib/cfplib/f2d.c                    0x00000000   Number         0  f2d.o ABSOLUTE
    ../fplib/cfplib/fcmpin.c                 0x00000000   Number         0  fcmpin.o ABSOLUTE
    ../fplib/cfplib/fdiv.c                   0x00000000   Number         0  fdiv.o ABSOLUTE
    ../fplib/cfplib/ffix.c                   0x00000000   Number         0  dfixi.o ABSOLUTE
    ../fplib/cfplib/fflt.c                   0x00000000   Number         0  fflti.o ABSOLUTE
    ../fplib/cfplib/fpinit.c                 0x00000000   Number         0  fpinit.o ABSOLUTE
    ../fplib/cfplib/nan2.c                   0x00000000   Number         0  fnan2.o ABSOLUTE
    ../fplib/cfplib/nan2.c                   0x00000000   Number         0  dnan2.o ABSOLUTE
    ../fplib/cfplib/retnan.c                 0x00000000   Number         0  retnan.o ABSOLUTE
    ../fplib/cfplib/scalbn.c                 0x00000000   Number         0  dscalbn.o ABSOLUTE
    ../fplib/deqf6m.s                        0x00000000   Number         0  deqf.o ABSOLUTE
    ../fplib/faddsub6m.s                     0x00000000   Number         0  faddsub.o ABSOLUTE
    ../fplib/fleqf6m.s                       0x00000000   Number         0  flef.o ABSOLUTE
    ../fplib/fmul6m.s                        0x00000000   Number         0  fmul.o ABSOLUTE
    ../fplib/frleqf6m.s                      0x00000000   Number         0  frlef.o ABSOLUTE
    ../fplib/usenofp.s                       0x00000000   Number         0  usenofp.o ABSOLUTE
    ../mathlib/atan.c                        0x00000000   Number         0  atan.o ABSOLUTE
    ../mathlib/atan.c                        0x00000000   Number         0  atan_x.o ABSOLUTE
    ../mathlib/atan2.c                       0x00000000   Number         0  atan2_x.o ABSOLUTE
    ../mathlib/atan2.c                       0x00000000   Number         0  atan2.o ABSOLUTE
    ../mathlib/dunder.c                      0x00000000   Number         0  dunder.o ABSOLUTE
    ../mathlib/fpclassify.c                  0x00000000   Number         0  fpclassify.o ABSOLUTE
    ../mathlib/poly.c                        0x00000000   Number         0  poly.o ABSOLUTE
    ../mathlib/qnan.c                        0x00000000   Number         0  qnan.o ABSOLUTE
    RTE/Device/MKL46Z256VLL4/startup_MKL46Z4.s 0x00000000   Number         0  startup_mkl46z4.o ABSOLUTE
    RTE/Device/MKL46Z256VLL4/system_MKL46Z4.c 0x00000000   Number         0  system_mkl46z4.o ABSOLUTE
    RTE\Device\MKL46Z256VLL4\system_MKL46Z4.c 0x00000000   Number         0  system_mkl46z4.o ABSOLUTE
    dc.s                                     0x00000000   Number         0  dc.o ABSOLUTE
    lcd.c                                    0x00000000   Number         0  lcd.o ABSOLUTE
    lcd.c                                    0x00000000   Number         0  lcd.o ABSOLUTE
    led.c                                    0x00000000   Number         0  led.o ABSOLUTE
    led.c                                    0x00000000   Number         0  led.o ABSOLUTE
    magnetometor.c                           0x00000000   Number         0  magnetometor.o ABSOLUTE
    magnetometor.c                           0x00000000   Number         0  magnetometor.o ABSOLUTE
    main.c                                   0x00000000   Number         0  main.o ABSOLUTE
    main.c                                   0x00000000   Number         0  main.o ABSOLUTE
    FlashConfig                              0x00000400   Section       16  startup_mkl46z4.o(FlashConfig)
    !!!main                                  0x00000410   Section        8  __main.o(!!!main)
    !!!scatter                               0x00000418   Section       60  __scatter.o(!!!scatter)
    !!handler_copy                           0x00000454   Section       26  __scatter_copy.o(!!handler_copy)
    !!handler_zi                             0x00000470   Section       28  __scatter_zi.o(!!handler_zi)
    .ARM.Collect$$libinit$$00000000          0x0000048c   Section        2  libinit.o(.ARM.Collect$$libinit$$00000000)
    .ARM.Collect$$libinit$$00000002          0x0000048e   Section        0  libinit2.o(.ARM.Collect$$libinit$$00000002)
    .ARM.Collect$$libinit$$00000004          0x0000048e   Section        0  libinit2.o(.ARM.Collect$$libinit$$00000004)
    .ARM.Collect$$libinit$$0000000A          0x0000048e   Section        0  libinit2.o(.ARM.Collect$$libinit$$0000000A)
    .ARM.Collect$$libinit$$0000000C          0x0000048e   Section        0  libinit2.o(.ARM.Collect$$libinit$$0000000C)
    .ARM.Collect$$libinit$$0000000E          0x0000048e   Section        0  libinit2.o(.ARM.Collect$$libinit$$0000000E)
    .ARM.Collect$$libinit$$00000011          0x0000048e   Section        0  libinit2.o(.ARM.Collect$$libinit$$00000011)
    .ARM.Collect$$libinit$$00000013          0x0000048e   Section        0  libinit2.o(.ARM.Collect$$libinit$$00000013)
    .ARM.Collect$$libinit$$00000015          0x0000048e   Section        0  libinit2.o(.ARM.Collect$$libinit$$00000015)
    .ARM.Collect$$libinit$$00000017          0x0000048e   Section        0  libinit2.o(.ARM.Collect$$libinit$$00000017)
    .ARM.Collect$$libinit$$00000019          0x0000048e   Section        0  libinit2.o(.ARM.Collect$$libinit$$00000019)
    .ARM.Collect$$libinit$$0000001B          0x0000048e   Section        0  libinit2.o(.ARM.Collect$$libinit$$0000001B)
    .ARM.Collect$$libinit$$0000001D          0x0000048e   Section        0  libinit2.o(.ARM.Collect$$libinit$$0000001D)
    .ARM.Collect$$libinit$$0000001F          0x0000048e   Section        0  libinit2.o(.ARM.Collect$$libinit$$0000001F)
    .ARM.Collect$$libinit$$00000021          0x0000048e   Section        0  libinit2.o(.ARM.Collect$$libinit$$00000021)
    .ARM.Collect$$libinit$$00000023          0x0000048e   Section        0  libinit2.o(.ARM.Collect$$libinit$$00000023)
    .ARM.Collect$$libinit$$00000025          0x0000048e   Section        0  libinit2.o(.ARM.Collect$$libinit$$00000025)
    .ARM.Collect$$libinit$$0000002C          0x0000048e   Section        0  libinit2.o(.ARM.Collect$$libinit$$0000002C)
    .ARM.Collect$$libinit$$0000002E          0x0000048e   Section        0  libinit2.o(.ARM.Collect$$libinit$$0000002E)
    .ARM.Collect$$libinit$$00000030          0x0000048e   Section        0  libinit2.o(.ARM.Collect$$libinit$$00000030)
    .ARM.Collect$$libinit$$00000032          0x0000048e   Section        0  libinit2.o(.ARM.Collect$$libinit$$00000032)
    .ARM.Collect$$libinit$$00000033          0x0000048e   Section        2  libinit2.o(.ARM.Collect$$libinit$$00000033)
    .ARM.Collect$$libshutdown$$00000000      0x00000490   Section        2  libshutdown.o(.ARM.Collect$$libshutdown$$00000000)
    .ARM.Collect$$libshutdown$$00000002      0x00000492   Section        0  libshutdown2.o(.ARM.Collect$$libshutdown$$00000002)
    .ARM.Collect$$libshutdown$$00000004      0x00000492   Section        0  libshutdown2.o(.ARM.Collect$$libshutdown$$00000004)
    .ARM.Collect$$libshutdown$$00000006      0x00000492   Section        0  libshutdown2.o(.ARM.Collect$$libshutdown$$00000006)
    .ARM.Collect$$libshutdown$$00000009      0x00000492   Section        0  libshutdown2.o(.ARM.Collect$$libshutdown$$00000009)
    .ARM.Collect$$libshutdown$$0000000C      0x00000492   Section        0  libshutdown2.o(.ARM.Collect$$libshutdown$$0000000C)
    .ARM.Collect$$libshutdown$$0000000E      0x00000492   Section        0  libshutdown2.o(.ARM.Collect$$libshutdown$$0000000E)
    .ARM.Collect$$libshutdown$$00000011      0x00000492   Section        0  libshutdown2.o(.ARM.Collect$$libshutdown$$00000011)
    .ARM.Collect$$libshutdown$$00000012      0x00000492   Section        2  libshutdown2.o(.ARM.Collect$$libshutdown$$00000012)
    .ARM.Collect$$rtentry$$00000000          0x00000494   Section        0  __rtentry.o(.ARM.Collect$$rtentry$$00000000)
    .ARM.Collect$$rtentry$$00000002          0x00000494   Section        0  __rtentry2.o(.ARM.Collect$$rtentry$$00000002)
    .ARM.Collect$$rtentry$$00000007          0x00000494   Section        4  __rtentry7.o(.ARM.Collect$$rtentry$$00000007)
    .ARM.Collect$$rtentry$$00000009          0x00000498   Section        0  __rtentry2.o(.ARM.Collect$$rtentry$$00000009)
    .ARM.Collect$$rtentry$$0000000A          0x00000498   Section        4  __rtentry2.o(.ARM.Collect$$rtentry$$0000000A)
    .ARM.Collect$$rtentry$$0000000C          0x0000049c   Section        0  __rtentry2.o(.ARM.Collect$$rtentry$$0000000C)
    .ARM.Collect$$rtentry$$0000000D          0x0000049c   Section        8  __rtentry2.o(.ARM.Collect$$rtentry$$0000000D)
    .ARM.Collect$$rtentry$$00002718          0x000004a4   Section        4  __rtentry7.o(.ARM.Collect$$rtentry$$00002718)
    __lit__00000000                          0x000004a4   Data           4  __rtentry7.o(.ARM.Collect$$rtentry$$00002718)
    .ARM.Collect$$rtexit$$00000000           0x000004a8   Section        2  rtexit.o(.ARM.Collect$$rtexit$$00000000)
    .ARM.Collect$$rtexit$$00000002           0x000004aa   Section        0  rtexit2.o(.ARM.Collect$$rtexit$$00000002)
    .ARM.Collect$$rtexit$$00000003           0x000004aa   Section        4  rtexit2.o(.ARM.Collect$$rtexit$$00000003)
    .ARM.Collect$$rtexit$$00000004           0x000004ae   Section        6  rtexit2.o(.ARM.Collect$$rtexit$$00000004)
    .text                                    0x000004b4   Section      156  startup_mkl46z4.o(.text)
    .text                                    0x00000550   Section      346  aeabi_sdiv.o(.text)
    .text                                    0x000006ac   Section        0  ddiv.o(.text)
    .text                                    0x00000af4   Section        0  dfixi.o(.text)
    .text                                    0x00000b60   Section        0  dmul.o(.text)
    .text                                    0x00000da8   Section        0  f2d.o(.text)
    .text                                    0x00000dfc   Section        0  fdiv.o(.text)
    .text                                    0x00000f5c   Section        0  fflti.o(.text)
    .text                                    0x00000fba   Section        0  _rserrno.o(.text)
    .text                                    0x00000fd0   Section        0  daddsub.o(.text)
    _dadd1                                   0x00000fd1   Thumb Code   290  daddsub.o(.text)
    _dsub1                                   0x000010f3   Thumb Code   470  daddsub.o(.text)
    .text                                    0x00001328   Section        0  fcmpin.o(.text)
    .text                                    0x0000138c   Section        8  rt_errno_addr_intlibspace.o(.text)
    .text                                    0x00001394   Section        0  cmpret.o(.text)
    .text                                    0x000013c4   Section        0  dcmpin.o(.text)
    .text                                    0x00001454   Section        0  dscalbn.o(.text)
    .text                                    0x000014b4   Section        0  fnan2.o(.text)
    .text                                    0x000014c4   Section        0  exit.o(.text)
    .text                                    0x000014d4   Section        0  dnan2.o(.text)
    .text                                    0x000014e8   Section        0  retnan.o(.text)
    .text                                    0x00001548   Section        0  sys_exit.o(.text)
    .text                                    0x00001554   Section        2  use_no_semi.o(.text)
    .text                                    0x00001556   Section        0  indicate_semi.o(.text)
    i.I2C_write                              0x00001558   Section        0  magnetometor.o(i.I2C_write)
    i.PORTC_PORTD_IRQHandler                 0x00001578   Section        0  led.o(i.PORTC_PORTD_IRQHandler)
    i.SysTick_Handler                        0x000015dc   Section        0  led.o(i.SysTick_Handler)
    i.SystemInit                             0x0000168c   Section        0  system_mkl46z4.o(i.SystemInit)
    i.SystemInitHook                         0x000016a0   Section        0  system_mkl46z4.o(i.SystemInitHook)
    i.__ARM_fpclassify                       0x000016a4   Section        0  fpclassify.o(i.__ARM_fpclassify)
    i.__kernel_poly                          0x000016d0   Section        0  poly.o(i.__kernel_poly)
    i.__mathlib_dbl_infnan                   0x0000177c   Section        0  dunder.o(i.__mathlib_dbl_infnan)
    i.__mathlib_dbl_infnan2                  0x00001786   Section        0  dunder.o(i.__mathlib_dbl_infnan2)
    i.__mathlib_dbl_underflow                0x00001790   Section        0  dunder.o(i.__mathlib_dbl_underflow)
    i.atan                                   0x000017a4   Section        0  atan.o(i.atan)
    i.atan2                                  0x000019c0   Section        0  atan2.o(i.atan2)
    i.delay                                  0x00001b5c   Section        0  led.o(i.delay)
    i.delay2                                 0x00001b74   Section        0  magnetometor.o(i.delay2)
    delay2                                   0x00001b75   Thumb Code    12  magnetometor.o(i.delay2)
    i.init_I2C                               0x00001b80   Section        0  magnetometor.o(i.init_I2C)
    i.init_LED                               0x00001bbc   Section        0  led.o(i.init_LED)
    i.init_SW                                0x00001c2c   Section        0  led.o(i.init_SW)
    i.init_SysTick_interrupt                 0x00001cb8   Section        0  led.o(i.init_SysTick_interrupt)
    i.init_lcd                               0x00001cd8   Section        0  lcd.o(i.init_lcd)
    i.init_mag                               0x00001de8   Section        0  magnetometor.o(i.init_mag)
    i.mag_calibrate                          0x00001e20   Section        0  main.o(i.mag_calibrate)
    i.main                                   0x00001f98   Section        0  main.o(i.main)
    i.read_mag                               0x000020b4   Section        0  magnetometor.o(i.read_mag)
    i.sLCD_write                             0x00002130   Section        0  lcd.o(i.sLCD_write)
    i.sLCD_write_number                      0x00002160   Section        0  lcd.o(i.sLCD_write_number)
    x$fpl$deqf                               0x000021e0   Section      100  deqf.o(x$fpl$deqf)
    x$fpl$fadd                               0x00002244   Section      140  faddsub.o(x$fpl$fadd)
    _fadd1                                   0x00002251   Thumb Code     0  faddsub.o(x$fpl$fadd)
    x$fpl$fleqf                              0x000022d0   Section       84  flef.o(x$fpl$fleqf)
    x$fpl$fmul                               0x00002324   Section      176  fmul.o(x$fpl$fmul)
    x$fpl$frleqf                             0x000023d4   Section       88  frlef.o(x$fpl$frleqf)
    x$fpl$fsub                               0x0000242c   Section      208  faddsub.o(x$fpl$fsub)
    _fsub1                                   0x00002439   Thumb Code     0  faddsub.o(x$fpl$fsub)
    .constdata                               0x000024fc   Section       28  lcd.o(.constdata)
    x$fpl$usenofp                            0x000024fc   Section        0  usenofp.o(x$fpl$usenofp)
    ABC                                      0x000024fc   Data          10  lcd.o(.constdata)
    FGED                                     0x00002506   Data          10  lcd.o(.constdata)
    digit_ABC                                0x00002510   Data           4  lcd.o(.constdata)
    digit_FGED                               0x00002514   Data           4  lcd.o(.constdata)
    .constdata                               0x00002518   Section      128  ddiv.o(.constdata)
    ddiv_reciptbl                            0x00002518   Data         128  ddiv.o(.constdata)
    .constdata                               0x00002598   Section       64  fdiv.o(.constdata)
    fdiv_tab                                 0x00002598   Data          64  fdiv.o(.constdata)
    .constdata                               0x000025d8   Section      152  atan.o(.constdata)
    atanhi                                   0x000025d8   Data          32  atan.o(.constdata)
    atanlo                                   0x000025f8   Data          32  atan.o(.constdata)
    aTodd                                    0x00002618   Data          40  atan.o(.constdata)
    aTeven                                   0x00002640   Data          48  atan.o(.constdata)
    .constdata                               0x00002670   Section        8  qnan.o(.constdata)
    .data                                    0x1fffe000   Section       36  main.o(.data)
    .data                                    0x1fffe024   Section       13  led.o(.data)
    .data                                    0x1fffe034   Section        4  system_mkl46z4.o(.data)
    .bss                                     0x1fffe038   Section       96  libspace.o(.bss)

    Global Symbols

    Symbol Name                              Value     Ov Type        Size  Object(Section)

    BuildAttributes$$THM_ISAv3M$S$PE$A:L22$X:L11$S22$IEEE1$IW$USESV6$~STKCKD$USESV7$~SHL$OTIME$ROPI$IEEEX$EBA8$UX$STANDARDLIB$REQ8$PRES8$EABIv2 0x00000000   Number         0  anon$$obj.o ABSOLUTE
    __ARM_use_no_argv                        0x00000000   Number         0  main.o ABSOLUTE
    __Vectors                                0x00000000   Data           4  startup_mkl46z4.o(RESET)
    Image$$ZI$$Limit                          - Undefined Weak Reference
    __ARM_exceptions_init                     - Undefined Weak Reference
    __alloca_initialize                       - Undefined Weak Reference
    __arm_fini_                               - Undefined Weak Reference
    __arm_preinit_                            - Undefined Weak Reference
    __cpp_initialize__aeabi_                  - Undefined Weak Reference
    __cxa_finalize                            - Undefined Weak Reference
    __rt_locale                               - Undefined Weak Reference
    __sigvec_lookup                           - Undefined Weak Reference
    _atexit_init                              - Undefined Weak Reference
    _call_atexit_fns                          - Undefined Weak Reference
    _clock_init                               - Undefined Weak Reference
    _fp_trap_init                             - Undefined Weak Reference
    _fp_trap_shutdown                         - Undefined Weak Reference
    _get_lc_collate                           - Undefined Weak Reference
    _get_lc_ctype                             - Undefined Weak Reference
    _get_lc_monetary                          - Undefined Weak Reference
    _get_lc_numeric                           - Undefined Weak Reference
    _get_lc_time                              - Undefined Weak Reference
    _getenv_init                              - Undefined Weak Reference
    _handle_redirection                       - Undefined Weak Reference
    _init_alloc                               - Undefined Weak Reference
    _init_user_alloc                          - Undefined Weak Reference
    _initio                                   - Undefined Weak Reference
    _rand_init                                - Undefined Weak Reference
    _signal_finish                            - Undefined Weak Reference
    _signal_init                              - Undefined Weak Reference
    _terminate_alloc                          - Undefined Weak Reference
    _terminate_user_alloc                     - Undefined Weak Reference
    _terminateio                              - Undefined Weak Reference
    __Vectors_End                            0x000000c0   Data           0  startup_mkl46z4.o(RESET)
    __Vectors_Size                           0x000000c0   Number         0  startup_mkl46z4.o ABSOLUTE
    __main                                   0x00000411   Thumb Code     8  __main.o(!!!main)
    __scatterload                            0x00000419   Thumb Code     0  __scatter.o(!!!scatter)
    __scatterload_rt2                        0x00000419   Thumb Code    52  __scatter.o(!!!scatter)
    __scatterload_rt2_thumb_only             0x00000419   Thumb Code     0  __scatter.o(!!!scatter)
    __scatterload_null                       0x00000429   Thumb Code     0  __scatter.o(!!!scatter)
    __scatterload_copy                       0x00000455   Thumb Code    26  __scatter_copy.o(!!handler_copy)
    __scatterload_zeroinit                   0x00000471   Thumb Code    28  __scatter_zi.o(!!handler_zi)
    __rt_lib_init                            0x0000048d   Thumb Code     0  libinit.o(.ARM.Collect$$libinit$$00000000)
    __rt_lib_init_alloca_1                   0x0000048f   Thumb Code     0  libinit2.o(.ARM.Collect$$libinit$$0000002E)
    __rt_lib_init_argv_1                     0x0000048f   Thumb Code     0  libinit2.o(.ARM.Collect$$libinit$$0000002C)
    __rt_lib_init_atexit_1                   0x0000048f   Thumb Code     0  libinit2.o(.ARM.Collect$$libinit$$0000001B)
    __rt_lib_init_clock_1                    0x0000048f   Thumb Code     0  libinit2.o(.ARM.Collect$$libinit$$00000021)
    __rt_lib_init_cpp_1                      0x0000048f   Thumb Code     0  libinit2.o(.ARM.Collect$$libinit$$00000032)
    __rt_lib_init_exceptions_1               0x0000048f   Thumb Code     0  libinit2.o(.ARM.Collect$$libinit$$00000030)
    __rt_lib_init_fp_1                       0x0000048f   Thumb Code     0  libinit2.o(.ARM.Collect$$libinit$$00000002)
    __rt_lib_init_fp_trap_1                  0x0000048f   Thumb Code     0  libinit2.o(.ARM.Collect$$libinit$$0000001F)
    __rt_lib_init_getenv_1                   0x0000048f   Thumb Code     0  libinit2.o(.ARM.Collect$$libinit$$00000023)
    __rt_lib_init_heap_1                     0x0000048f   Thumb Code     0  libinit2.o(.ARM.Collect$$libinit$$0000000A)
    __rt_lib_init_lc_collate_1               0x0000048f   Thumb Code     0  libinit2.o(.ARM.Collect$$libinit$$00000011)
    __rt_lib_init_lc_ctype_1                 0x0000048f   Thumb Code     0  libinit2.o(.ARM.Collect$$libinit$$00000013)
    __rt_lib_init_lc_monetary_1              0x0000048f   Thumb Code     0  libinit2.o(.ARM.Collect$$libinit$$00000015)
    __rt_lib_init_lc_numeric_1               0x0000048f   Thumb Code     0  libinit2.o(.ARM.Collect$$libinit$$00000017)
    __rt_lib_init_lc_time_1                  0x0000048f   Thumb Code     0  libinit2.o(.ARM.Collect$$libinit$$00000019)
    __rt_lib_init_preinit_1                  0x0000048f   Thumb Code     0  libinit2.o(.ARM.Collect$$libinit$$00000004)
    __rt_lib_init_rand_1                     0x0000048f   Thumb Code     0  libinit2.o(.ARM.Collect$$libinit$$0000000E)
    __rt_lib_init_return                     0x0000048f   Thumb Code     0  libinit2.o(.ARM.Collect$$libinit$$00000033)
    __rt_lib_init_signal_1                   0x0000048f   Thumb Code     0  libinit2.o(.ARM.Collect$$libinit$$0000001D)
    __rt_lib_init_stdio_1                    0x0000048f   Thumb Code     0  libinit2.o(.ARM.Collect$$libinit$$00000025)
    __rt_lib_init_user_alloc_1               0x0000048f   Thumb Code     0  libinit2.o(.ARM.Collect$$libinit$$0000000C)
    __rt_lib_shutdown                        0x00000491   Thumb Code     0  libshutdown.o(.ARM.Collect$$libshutdown$$00000000)
    __rt_lib_shutdown_cpp_1                  0x00000493   Thumb Code     0  libshutdown2.o(.ARM.Collect$$libshutdown$$00000004)
    __rt_lib_shutdown_fini_1                 0x00000493   Thumb Code     0  libshutdown2.o(.ARM.Collect$$libshutdown$$00000002)
    __rt_lib_shutdown_fp_trap_1              0x00000493   Thumb Code     0  libshutdown2.o(.ARM.Collect$$libshutdown$$00000009)
    __rt_lib_shutdown_heap_1                 0x00000493   Thumb Code     0  libshutdown2.o(.ARM.Collect$$libshutdown$$00000011)
    __rt_lib_shutdown_return                 0x00000493   Thumb Code     0  libshutdown2.o(.ARM.Collect$$libshutdown$$00000012)
    __rt_lib_shutdown_signal_1               0x00000493   Thumb Code     0  libshutdown2.o(.ARM.Collect$$libshutdown$$0000000C)
    __rt_lib_shutdown_stdio_1                0x00000493   Thumb Code     0  libshutdown2.o(.ARM.Collect$$libshutdown$$00000006)
    __rt_lib_shutdown_user_alloc_1           0x00000493   Thumb Code     0  libshutdown2.o(.ARM.Collect$$libshutdown$$0000000E)
    __rt_entry                               0x00000495   Thumb Code     0  __rtentry.o(.ARM.Collect$$rtentry$$00000000)
    __rt_entry_presh_1                       0x00000495   Thumb Code     0  __rtentry2.o(.ARM.Collect$$rtentry$$00000002)
    __rt_entry_sh                            0x00000495   Thumb Code     0  __rtentry7.o(.ARM.Collect$$rtentry$$00000007)
    __rt_entry_li                            0x00000499   Thumb Code     0  __rtentry2.o(.ARM.Collect$$rtentry$$0000000A)
    __rt_entry_postsh_1                      0x00000499   Thumb Code     0  __rtentry2.o(.ARM.Collect$$rtentry$$00000009)
    __rt_entry_main                          0x0000049d   Thumb Code     0  __rtentry2.o(.ARM.Collect$$rtentry$$0000000D)
    __rt_entry_postli_1                      0x0000049d   Thumb Code     0  __rtentry2.o(.ARM.Collect$$rtentry$$0000000C)
    __rt_exit                                0x000004a9   Thumb Code     0  rtexit.o(.ARM.Collect$$rtexit$$00000000)
    __rt_exit_ls                             0x000004ab   Thumb Code     0  rtexit2.o(.ARM.Collect$$rtexit$$00000003)
    __rt_exit_prels_1                        0x000004ab   Thumb Code     0  rtexit2.o(.ARM.Collect$$rtexit$$00000002)
    __rt_exit_exit                           0x000004af   Thumb Code     0  rtexit2.o(.ARM.Collect$$rtexit$$00000004)
    Reset_Handler                            0x000004b5   Thumb Code    24  startup_mkl46z4.o(.text)
    NMI_Handler                              0x000004cd   Thumb Code     2  startup_mkl46z4.o(.text)
    HardFault_Handler                        0x000004cf   Thumb Code     2  startup_mkl46z4.o(.text)
    SVC_Handler                              0x000004d1   Thumb Code     2  startup_mkl46z4.o(.text)
    PendSV_Handler                           0x000004d3   Thumb Code     2  startup_mkl46z4.o(.text)
    DMA0_IRQHandler                          0x000004d7   Thumb Code     4  startup_mkl46z4.o(.text)
    DMA1_IRQHandler                          0x000004db   Thumb Code     4  startup_mkl46z4.o(.text)
    DMA2_IRQHandler                          0x000004df   Thumb Code     4  startup_mkl46z4.o(.text)
    DMA3_IRQHandler                          0x000004e3   Thumb Code     4  startup_mkl46z4.o(.text)
    I2C0_IRQHandler                          0x000004e7   Thumb Code     4  startup_mkl46z4.o(.text)
    I2C1_IRQHandler                          0x000004eb   Thumb Code     4  startup_mkl46z4.o(.text)
    SPI0_IRQHandler                          0x000004ef   Thumb Code     4  startup_mkl46z4.o(.text)
    SPI1_IRQHandler                          0x000004f3   Thumb Code     4  startup_mkl46z4.o(.text)
    UART0_IRQHandler                         0x000004f7   Thumb Code     4  startup_mkl46z4.o(.text)
    UART1_IRQHandler                         0x000004fb   Thumb Code     4  startup_mkl46z4.o(.text)
    UART2_IRQHandler                         0x000004ff   Thumb Code     4  startup_mkl46z4.o(.text)
    I2S0_IRQHandler                          0x00000503   Thumb Code     4  startup_mkl46z4.o(.text)
    ADC0_IRQHandler                          0x00000507   Thumb Code     0  startup_mkl46z4.o(.text)
    CMP0_IRQHandler                          0x00000507   Thumb Code     0  startup_mkl46z4.o(.text)
    DAC0_IRQHandler                          0x00000507   Thumb Code     0  startup_mkl46z4.o(.text)
    DMA0_DriverIRQHandler                    0x00000507   Thumb Code     0  startup_mkl46z4.o(.text)
    DMA1_DriverIRQHandler                    0x00000507   Thumb Code     0  startup_mkl46z4.o(.text)
    DMA2_DriverIRQHandler                    0x00000507   Thumb Code     0  startup_mkl46z4.o(.text)
    DMA3_DriverIRQHandler                    0x00000507   Thumb Code     0  startup_mkl46z4.o(.text)
    DefaultISR                               0x00000507   Thumb Code     0  startup_mkl46z4.o(.text)
    FTFA_IRQHandler                          0x00000507   Thumb Code     0  startup_mkl46z4.o(.text)
    I2C0_DriverIRQHandler                    0x00000507   Thumb Code     0  startup_mkl46z4.o(.text)
    I2C1_DriverIRQHandler                    0x00000507   Thumb Code     0  startup_mkl46z4.o(.text)
    I2S0_DriverIRQHandler                    0x00000507   Thumb Code     0  startup_mkl46z4.o(.text)
    LCD_IRQHandler                           0x00000507   Thumb Code     0  startup_mkl46z4.o(.text)
    LLWU_IRQHandler                          0x00000507   Thumb Code     0  startup_mkl46z4.o(.text)
    LPTMR0_IRQHandler                        0x00000507   Thumb Code     0  startup_mkl46z4.o(.text)
    LVD_LVW_IRQHandler                       0x00000507   Thumb Code     0  startup_mkl46z4.o(.text)
    MCG_IRQHandler                           0x00000507   Thumb Code     0  startup_mkl46z4.o(.text)
    PIT_IRQHandler                           0x00000507   Thumb Code     0  startup_mkl46z4.o(.text)
    PORTA_IRQHandler                         0x00000507   Thumb Code     0  startup_mkl46z4.o(.text)
    RTC_IRQHandler                           0x00000507   Thumb Code     0  startup_mkl46z4.o(.text)
    RTC_Seconds_IRQHandler                   0x00000507   Thumb Code     0  startup_mkl46z4.o(.text)
    Reserved20_IRQHandler                    0x00000507   Thumb Code     0  startup_mkl46z4.o(.text)
    SPI0_DriverIRQHandler                    0x00000507   Thumb Code     0  startup_mkl46z4.o(.text)
    SPI1_DriverIRQHandler                    0x00000507   Thumb Code     0  startup_mkl46z4.o(.text)
    TPM0_IRQHandler                          0x00000507   Thumb Code     0  startup_mkl46z4.o(.text)
    TPM1_IRQHandler                          0x00000507   Thumb Code     0  startup_mkl46z4.o(.text)
    TPM2_IRQHandler                          0x00000507   Thumb Code     0  startup_mkl46z4.o(.text)
    TSI0_IRQHandler                          0x00000507   Thumb Code     0  startup_mkl46z4.o(.text)
    UART0_DriverIRQHandler                   0x00000507   Thumb Code     0  startup_mkl46z4.o(.text)
    UART1_DriverIRQHandler                   0x00000507   Thumb Code     0  startup_mkl46z4.o(.text)
    UART2_DriverIRQHandler                   0x00000507   Thumb Code     0  startup_mkl46z4.o(.text)
    USB0_IRQHandler                          0x00000507   Thumb Code     0  startup_mkl46z4.o(.text)
    __aeabi_uidiv                            0x00000551   Thumb Code     0  aeabi_sdiv.o(.text)
    __aeabi_uidivmod                         0x00000551   Thumb Code    20  aeabi_sdiv.o(.text)
    __aeabi_idiv                             0x00000565   Thumb Code     0  aeabi_sdiv.o(.text)
    __aeabi_idivmod                          0x00000565   Thumb Code   326  aeabi_sdiv.o(.text)
    __aeabi_ddiv                             0x000006ad   Thumb Code     0  ddiv.o(.text)
    _ddiv                                    0x000006ad   Thumb Code  1072  ddiv.o(.text)
    _drdiv                                   0x00000add   Thumb Code    20  ddiv.o(.text)
    __aeabi_d2iz                             0x00000af5   Thumb Code     0  dfixi.o(.text)
    _dfix                                    0x00000af5   Thumb Code    98  dfixi.o(.text)
    __aeabi_dmul                             0x00000b61   Thumb Code     0  dmul.o(.text)
    _dmul                                    0x00000b61   Thumb Code   558  dmul.o(.text)
    __aeabi_f2d                              0x00000da9   Thumb Code     0  f2d.o(.text)
    _f2d                                     0x00000da9   Thumb Code    80  f2d.o(.text)
    __aeabi_fdiv                             0x00000dfd   Thumb Code     0  fdiv.o(.text)
    _fdiv                                    0x00000dfd   Thumb Code   334  fdiv.o(.text)
    _frdiv                                   0x00000f4b   Thumb Code     8  fdiv.o(.text)
    __aeabi_i2f_normalise                    0x00000f5d   Thumb Code    72  fflti.o(.text)
    __aeabi_i2f                              0x00000fa5   Thumb Code    16  fflti.o(.text)
    _fflt                                    0x00000fa5   Thumb Code     0  fflti.o(.text)
    __aeabi_ui2f                             0x00000fb5   Thumb Code     6  fflti.o(.text)
    _ffltu                                   0x00000fb5   Thumb Code     0  fflti.o(.text)
    __read_errno                             0x00000fbb   Thumb Code    10  _rserrno.o(.text)
    __set_errno                              0x00000fc5   Thumb Code    12  _rserrno.o(.text)
    __aeabi_dadd                             0x000012c9   Thumb Code     0  daddsub.o(.text)
    _dadd                                    0x000012c9   Thumb Code    26  daddsub.o(.text)
    __aeabi_dsub                             0x000012e3   Thumb Code     0  daddsub.o(.text)
    _dsub                                    0x000012e3   Thumb Code    22  daddsub.o(.text)
    __aeabi_drsub                            0x000012f9   Thumb Code     0  daddsub.o(.text)
    _drsb                                    0x000012f9   Thumb Code    28  daddsub.o(.text)
    __fpl_fcmp_InfNaN                        0x00001329   Thumb Code    96  fcmpin.o(.text)
    __aeabi_errno_addr                       0x0000138d   Thumb Code     8  rt_errno_addr_intlibspace.o(.text)
    __errno$intlibspace                      0x0000138d   Thumb Code     0  rt_errno_addr_intlibspace.o(.text)
    __rt_errno_addr$intlibspace              0x0000138d   Thumb Code     0  rt_errno_addr_intlibspace.o(.text)
    __fpl_cmpreturn                          0x00001395   Thumb Code    46  cmpret.o(.text)
    __fpl_dcmp_InfNaN                        0x000013c5   Thumb Code   140  dcmpin.o(.text)
    __ARM_scalbn                             0x00001455   Thumb Code    84  dscalbn.o(.text)
    __fpl_fcheck_NaN2                        0x000014b5   Thumb Code    10  fnan2.o(.text)
    exit                                     0x000014c5   Thumb Code    16  exit.o(.text)
    __fpl_dcheck_NaN2                        0x000014d5   Thumb Code    14  dnan2.o(.text)
    __fpl_return_NaN                         0x000014e9   Thumb Code    94  retnan.o(.text)
    _sys_exit                                0x00001549   Thumb Code     8  sys_exit.o(.text)
    __I$use$semihosting                      0x00001555   Thumb Code     0  use_no_semi.o(.text)
    __use_no_semihosting_swi                 0x00001555   Thumb Code     2  use_no_semi.o(.text)
    __semihosting_library_function           0x00001557   Thumb Code     0  indicate_semi.o(.text)
    I2C_write                                0x00001559   Thumb Code    26  magnetometor.o(i.I2C_write)
    PORTC_PORTD_IRQHandler                   0x00001579   Thumb Code    78  led.o(i.PORTC_PORTD_IRQHandler)
    SysTick_Handler                          0x000015dd   Thumb Code   156  led.o(i.SysTick_Handler)
    SystemInit                               0x0000168d   Thumb Code    14  system_mkl46z4.o(i.SystemInit)
    SystemInitHook                           0x000016a1   Thumb Code     2  system_mkl46z4.o(i.SystemInitHook)
    __ARM_fpclassify                         0x000016a5   Thumb Code    40  fpclassify.o(i.__ARM_fpclassify)
    __kernel_poly                            0x000016d1   Thumb Code   172  poly.o(i.__kernel_poly)
    __mathlib_dbl_infnan                     0x0000177d   Thumb Code    10  dunder.o(i.__mathlib_dbl_infnan)
    __mathlib_dbl_infnan2                    0x00001787   Thumb Code     8  dunder.o(i.__mathlib_dbl_infnan2)
    __mathlib_dbl_underflow                  0x00001791   Thumb Code    14  dunder.o(i.__mathlib_dbl_underflow)
    atan                                     0x000017a5   Thumb Code   472  atan.o(i.atan)
    atan2                                    0x000019c1   Thumb Code   372  atan2.o(i.atan2)
    delay                                    0x00001b5d   Thumb Code    18  led.o(i.delay)
    init_I2C                                 0x00001b81   Thumb Code    46  magnetometor.o(i.init_I2C)
    init_LED                                 0x00001bbd   Thumb Code    94  led.o(i.init_LED)
    init_SW                                  0x00001c2d   Thumb Code   114  led.o(i.init_SW)
    init_SysTick_interrupt                   0x00001cb9   Thumb Code    24  led.o(i.init_SysTick_interrupt)
    init_lcd                                 0x00001cd9   Thumb Code   224  lcd.o(i.init_lcd)
    init_mag                                 0x00001de9   Thumb Code    50  magnetometor.o(i.init_mag)
    mag_calibrate                            0x00001e21   Thumb Code   330  main.o(i.mag_calibrate)
    main                                     0x00001f99   Thumb Code   244  main.o(i.main)
    read_mag                                 0x000020b5   Thumb Code   120  magnetometor.o(i.read_mag)
    sLCD_write                               0x00002131   Thumb Code    28  lcd.o(i.sLCD_write)
    sLCD_write_number                        0x00002161   Thumb Code   124  lcd.o(i.sLCD_write_number)
    __aeabi_cdcmpeq                          0x000021e1   Thumb Code     0  deqf.o(x$fpl$deqf)
    _dcmpeq                                  0x000021e1   Thumb Code    94  deqf.o(x$fpl$deqf)
    __aeabi_fadd                             0x00002245   Thumb Code     0  faddsub.o(x$fpl$fadd)
    _fadd                                    0x00002245   Thumb Code   134  faddsub.o(x$fpl$fadd)
    __aeabi_cfcmple                          0x000022d1   Thumb Code     0  flef.o(x$fpl$fleqf)
    _fcmple                                  0x000022d1   Thumb Code    78  flef.o(x$fpl$fleqf)
    __aeabi_fmul                             0x00002325   Thumb Code     0  fmul.o(x$fpl$fmul)
    _fmul                                    0x00002325   Thumb Code   172  fmul.o(x$fpl$fmul)
    __aeabi_cfrcmple                         0x000023d5   Thumb Code     0  frlef.o(x$fpl$frleqf)
    _frcmple                                 0x000023d5   Thumb Code    84  frlef.o(x$fpl$frleqf)
    __aeabi_fsub                             0x0000242d   Thumb Code     0  faddsub.o(x$fpl$fsub)
    _fsub                                    0x0000242d   Thumb Code   204  faddsub.o(x$fpl$fsub)
    __I$use$fp                               0x000024fc   Number         0  usenofp.o(x$fpl$usenofp)
    __mathlib_zero                           0x00002670   Data           8  qnan.o(.constdata)
    Region$$Table$$Base                      0x00002678   Number         0  anon$$obj.o(Region$$Table)
    Region$$Table$$Limit                     0x00002698   Number         0  anon$$obj.o(Region$$Table)
    x_offset                                 0x1fffe000   Data           4  main.o(.data)
    y_offset                                 0x1fffe004   Data           4  main.o(.data)
    x_max                                    0x1fffe008   Data           4  main.o(.data)
    x_min                                    0x1fffe00c   Data           4  main.o(.data)
    y_max                                    0x1fffe010   Data           4  main.o(.data)
    y_min                                    0x1fffe014   Data           4  main.o(.data)
    x_scale                                  0x1fffe018   Data           4  main.o(.data)
    y_scale                                  0x1fffe01c   Data           4  main.o(.data)
    x                                        0x1fffe020   Data           2  main.o(.data)
    y                                        0x1fffe022   Data           2  main.o(.data)
    greenled                                 0x1fffe024   Data           4  led.o(.data)
    redled                                   0x1fffe028   Data           4  led.o(.data)
    msTick                                   0x1fffe02c   Data           4  led.o(.data)
    isSyspause                               0x1fffe030   Data           1  led.o(.data)
    SystemCoreClock                          0x1fffe034   Data           4  system_mkl46z4.o(.data)
    __libspace_start                         0x1fffe038   Data          96  libspace.o(.bss)
    Image$$ARM_LIB_HEAP$$ZI$$Base            0x1fffe098   Number         0  anon$$obj.o ABSOLUTE
    __temporary_stack_top$libspace           0x1fffe098   Data           0  libspace.o(.bss)
    Image$$ARM_LIB_HEAP$$ZI$$Limit           0x1fffe498   Number         0  anon$$obj.o ABSOLUTE
    Image$$ARM_LIB_STACK$$ZI$$Limit          0x20006000   Number         0  anon$$obj.o ABSOLUTE



==============================================================================

Memory Map of the image

  Image Entry point : 0x000004b5

  Load Region LR_m_text (Base: 0x00000000, Size: 0x000026d0, Max: 0x00040000, ABSOLUTE)

    Execution Region VECTOR_ROM (Exec base: 0x00000000, Load base: 0x00000000, Size: 0x000000c0, Max: 0x00000200, ABSOLUTE)

    Exec Addr    Load Addr    Size         Type   Attr      Idx    E Section Name        Object

    0x00000000   0x00000000   0x000000c0   Data   RO          214    RESET               startup_mkl46z4.o


    Execution Region ER_m_flash_config (Exec base: 0x00000400, Load base: 0x00000400, Size: 0x00000010, Max: 0x00000010, ABSOLUTE, FIXED)

    Exec Addr    Load Addr    Size         Type   Attr      Idx    E Section Name        Object

    0x00000400   0x00000400   0x00000010   Data   RO          215    FlashConfig         startup_mkl46z4.o


    Execution Region ER_m_text (Exec base: 0x00000410, Load base: 0x00000410, Size: 0x00002288, Max: 0x0003fbf0, ABSOLUTE)

    Exec Addr    Load Addr    Size         Type   Attr      Idx    E Section Name        Object

    0x00000410   0x00000410   0x00000008   Code   RO          278  * !!!main             c_p.l(__main.o)
    0x00000418   0x00000418   0x0000003c   Code   RO          549    !!!scatter          c_p.l(__scatter.o)
    0x00000454   0x00000454   0x0000001a   Code   RO          551    !!handler_copy      c_p.l(__scatter_copy.o)
    0x0000046e   0x0000046e   0x00000002   PAD
    0x00000470   0x00000470   0x0000001c   Code   RO          553    !!handler_zi        c_p.l(__scatter_zi.o)
    0x0000048c   0x0000048c   0x00000002   Code   RO          409    .ARM.Collect$$libinit$$00000000  c_p.l(libinit.o)
    0x0000048e   0x0000048e   0x00000000   Code   RO          426    .ARM.Collect$$libinit$$00000002  c_p.l(libinit2.o)
    0x0000048e   0x0000048e   0x00000000   Code   RO          428    .ARM.Collect$$libinit$$00000004  c_p.l(libinit2.o)
    0x0000048e   0x0000048e   0x00000000   Code   RO          431    .ARM.Collect$$libinit$$0000000A  c_p.l(libinit2.o)
    0x0000048e   0x0000048e   0x00000000   Code   RO          433    .ARM.Collect$$libinit$$0000000C  c_p.l(libinit2.o)
    0x0000048e   0x0000048e   0x00000000   Code   RO          435    .ARM.Collect$$libinit$$0000000E  c_p.l(libinit2.o)
    0x0000048e   0x0000048e   0x00000000   Code   RO          438    .ARM.Collect$$libinit$$00000011  c_p.l(libinit2.o)
    0x0000048e   0x0000048e   0x00000000   Code   RO          440    .ARM.Collect$$libinit$$00000013  c_p.l(libinit2.o)
    0x0000048e   0x0000048e   0x00000000   Code   RO          442    .ARM.Collect$$libinit$$00000015  c_p.l(libinit2.o)
    0x0000048e   0x0000048e   0x00000000   Code   RO          444    .ARM.Collect$$libinit$$00000017  c_p.l(libinit2.o)
    0x0000048e   0x0000048e   0x00000000   Code   RO          446    .ARM.Collect$$libinit$$00000019  c_p.l(libinit2.o)
    0x0000048e   0x0000048e   0x00000000   Code   RO          448    .ARM.Collect$$libinit$$0000001B  c_p.l(libinit2.o)
    0x0000048e   0x0000048e   0x00000000   Code   RO          450    .ARM.Collect$$libinit$$0000001D  c_p.l(libinit2.o)
    0x0000048e   0x0000048e   0x00000000   Code   RO          452    .ARM.Collect$$libinit$$0000001F  c_p.l(libinit2.o)
    0x0000048e   0x0000048e   0x00000000   Code   RO          454    .ARM.Collect$$libinit$$00000021  c_p.l(libinit2.o)
    0x0000048e   0x0000048e   0x00000000   Code   RO          456    .ARM.Collect$$libinit$$00000023  c_p.l(libinit2.o)
    0x0000048e   0x0000048e   0x00000000   Code   RO          458    .ARM.Collect$$libinit$$00000025  c_p.l(libinit2.o)
    0x0000048e   0x0000048e   0x00000000   Code   RO          462    .ARM.Collect$$libinit$$0000002C  c_p.l(libinit2.o)
    0x0000048e   0x0000048e   0x00000000   Code   RO          464    .ARM.Collect$$libinit$$0000002E  c_p.l(libinit2.o)
    0x0000048e   0x0000048e   0x00000000   Code   RO          466    .ARM.Collect$$libinit$$00000030  c_p.l(libinit2.o)
    0x0000048e   0x0000048e   0x00000000   Code   RO          468    .ARM.Collect$$libinit$$00000032  c_p.l(libinit2.o)
    0x0000048e   0x0000048e   0x00000002   Code   RO          469    .ARM.Collect$$libinit$$00000033  c_p.l(libinit2.o)
    0x00000490   0x00000490   0x00000002   Code   RO          504    .ARM.Collect$$libshutdown$$00000000  c_p.l(libshutdown.o)
    0x00000492   0x00000492   0x00000000   Code   RO          530    .ARM.Collect$$libshutdown$$00000002  c_p.l(libshutdown2.o)
    0x00000492   0x00000492   0x00000000   Code   RO          532    .ARM.Collect$$libshutdown$$00000004  c_p.l(libshutdown2.o)
    0x00000492   0x00000492   0x00000000   Code   RO          534    .ARM.Collect$$libshutdown$$00000006  c_p.l(libshutdown2.o)
    0x00000492   0x00000492   0x00000000   Code   RO          537    .ARM.Collect$$libshutdown$$00000009  c_p.l(libshutdown2.o)
    0x00000492   0x00000492   0x00000000   Code   RO          540    .ARM.Collect$$libshutdown$$0000000C  c_p.l(libshutdown2.o)
    0x00000492   0x00000492   0x00000000   Code   RO          542    .ARM.Collect$$libshutdown$$0000000E  c_p.l(libshutdown2.o)
    0x00000492   0x00000492   0x00000000   Code   RO          545    .ARM.Collect$$libshutdown$$00000011  c_p.l(libshutdown2.o)
    0x00000492   0x00000492   0x00000002   Code   RO          546    .ARM.Collect$$libshutdown$$00000012  c_p.l(libshutdown2.o)
    0x00000494   0x00000494   0x00000000   Code   RO          314    .ARM.Collect$$rtentry$$00000000  c_p.l(__rtentry.o)
    0x00000494   0x00000494   0x00000000   Code   RO          354    .ARM.Collect$$rtentry$$00000002  c_p.l(__rtentry2.o)
    0x00000494   0x00000494   0x00000004   Code   RO          368    .ARM.Collect$$rtentry$$00000007  c_p.l(__rtentry7.o)
    0x00000498   0x00000498   0x00000000   Code   RO          356    .ARM.Collect$$rtentry$$00000009  c_p.l(__rtentry2.o)
    0x00000498   0x00000498   0x00000004   Code   RO          357    .ARM.Collect$$rtentry$$0000000A  c_p.l(__rtentry2.o)
    0x0000049c   0x0000049c   0x00000000   Code   RO          359    .ARM.Collect$$rtentry$$0000000C  c_p.l(__rtentry2.o)
    0x0000049c   0x0000049c   0x00000008   Code   RO          360    .ARM.Collect$$rtentry$$0000000D  c_p.l(__rtentry2.o)
    0x000004a4   0x000004a4   0x00000004   Code   RO          369    .ARM.Collect$$rtentry$$00002718  c_p.l(__rtentry7.o)
    0x000004a8   0x000004a8   0x00000002   Code   RO          417    .ARM.Collect$$rtexit$$00000000  c_p.l(rtexit.o)
    0x000004aa   0x000004aa   0x00000000   Code   RO          480    .ARM.Collect$$rtexit$$00000002  c_p.l(rtexit2.o)
    0x000004aa   0x000004aa   0x00000004   Code   RO          481    .ARM.Collect$$rtexit$$00000003  c_p.l(rtexit2.o)
    0x000004ae   0x000004ae   0x00000006   Code   RO          482    .ARM.Collect$$rtexit$$00000004  c_p.l(rtexit2.o)
    0x000004b4   0x000004b4   0x0000009c   Code   RO          216  * .text               startup_mkl46z4.o
    0x00000550   0x00000550   0x0000015a   Code   RO          274    .text               c_p.l(aeabi_sdiv.o)
    0x000006aa   0x000006aa   0x00000002   PAD
    0x000006ac   0x000006ac   0x00000448   Code   RO          280    .text               fz_ps.l(ddiv.o)
    0x00000af4   0x00000af4   0x0000006c   Code   RO          283    .text               fz_ps.l(dfixi.o)
    0x00000b60   0x00000b60   0x00000248   Code   RO          285    .text               fz_ps.l(dmul.o)
    0x00000da8   0x00000da8   0x00000054   Code   RO          287    .text               fz_ps.l(f2d.o)
    0x00000dfc   0x00000dfc   0x00000160   Code   RO          295    .text               fz_ps.l(fdiv.o)
    0x00000f5c   0x00000f5c   0x0000005e   Code   RO          298    .text               fz_ps.l(fflti.o)
    0x00000fba   0x00000fba   0x00000016   Code   RO          319    .text               c_p.l(_rserrno.o)
    0x00000fd0   0x00000fd0   0x00000358   Code   RO          321    .text               fz_ps.l(daddsub.o)
    0x00001328   0x00001328   0x00000064   Code   RO          325    .text               fz_ps.l(fcmpin.o)
    0x0000138c   0x0000138c   0x00000008   Code   RO          378    .text               c_p.l(rt_errno_addr_intlibspace.o)
    0x00001394   0x00001394   0x0000002e   Code   RO          380    .text               fz_ps.l(cmpret.o)
    0x000013c2   0x000013c2   0x00000002   PAD
    0x000013c4   0x000013c4   0x00000090   Code   RO          382    .text               fz_ps.l(dcmpin.o)
    0x00001454   0x00001454   0x00000060   Code   RO          384    .text               fz_ps.l(dscalbn.o)
    0x000014b4   0x000014b4   0x00000010   Code   RO          386    .text               fz_ps.l(fnan2.o)
    0x000014c4   0x000014c4   0x00000010   Code   RO          398    .text               c_p.l(exit.o)
    0x000014d4   0x000014d4   0x00000014   Code   RO          410    .text               fz_ps.l(dnan2.o)
    0x000014e8   0x000014e8   0x0000005e   Code   RO          412    .text               fz_ps.l(retnan.o)
    0x00001546   0x00001546   0x00000002   PAD
    0x00001548   0x00001548   0x0000000c   Code   RO          474    .text               c_p.l(sys_exit.o)
    0x00001554   0x00001554   0x00000002   Code   RO          476    .text               c_p.l(use_no_semi.o)
    0x00001556   0x00001556   0x00000000   Code   RO          478    .text               c_p.l(indicate_semi.o)
    0x00001556   0x00001556   0x00000002   PAD
    0x00001558   0x00001558   0x00000020   Code   RO          117    i.I2C_write         magnetometor.o
    0x00001578   0x00001578   0x00000064   Code   RO          160    i.PORTC_PORTD_IRQHandler  led.o
    0x000015dc   0x000015dc   0x000000b0   Code   RO          161    i.SysTick_Handler   led.o
    0x0000168c   0x0000168c   0x00000014   Code   RO          223    i.SystemInit        system_mkl46z4.o
    0x000016a0   0x000016a0   0x00000002   Code   RO          224    i.SystemInitHook    system_mkl46z4.o
    0x000016a2   0x000016a2   0x00000002   PAD
    0x000016a4   0x000016a4   0x0000002c   Code   RO          388    i.__ARM_fpclassify  m_ps.l(fpclassify.o)
    0x000016d0   0x000016d0   0x000000ac   Code   RO          390    i.__kernel_poly     m_ps.l(poly.o)
    0x0000177c   0x0000177c   0x0000000a   Code   RO          339    i.__mathlib_dbl_infnan  m_ps.l(dunder.o)
    0x00001786   0x00001786   0x00000008   Code   RO          340    i.__mathlib_dbl_infnan2  m_ps.l(dunder.o)
    0x0000178e   0x0000178e   0x00000002   PAD
    0x00001790   0x00001790   0x00000014   Code   RO          344    i.__mathlib_dbl_underflow  m_ps.l(dunder.o)
    0x000017a4   0x000017a4   0x0000021c   Code   RO          329    i.atan              m_ps.l(atan.o)
    0x000019c0   0x000019c0   0x0000019c   Code   RO          307    i.atan2             m_ps.l(atan2.o)
    0x00001b5c   0x00001b5c   0x00000018   Code   RO          162    i.delay             led.o
    0x00001b74   0x00001b74   0x0000000c   Code   RO          118    i.delay2            magnetometor.o
    0x00001b80   0x00001b80   0x0000003c   Code   RO          119    i.init_I2C          magnetometor.o
    0x00001bbc   0x00001bbc   0x00000070   Code   RO          163    i.init_LED          led.o
    0x00001c2c   0x00001c2c   0x0000008c   Code   RO          164    i.init_SW           led.o
    0x00001cb8   0x00001cb8   0x00000020   Code   RO          165    i.init_SysTick_interrupt  led.o
    0x00001cd8   0x00001cd8   0x00000110   Code   RO           83    i.init_lcd          lcd.o
    0x00001de8   0x00001de8   0x00000038   Code   RO          120    i.init_mag          magnetometor.o
    0x00001e20   0x00001e20   0x00000178   Code   RO            5    i.mag_calibrate     main.o
    0x00001f98   0x00001f98   0x0000011c   Code   RO            6    i.main              main.o
    0x000020b4   0x000020b4   0x0000007c   Code   RO          121    i.read_mag          magnetometor.o
    0x00002130   0x00002130   0x00000030   Code   RO           84    i.sLCD_write        lcd.o
    0x00002160   0x00002160   0x00000080   Code   RO           85    i.sLCD_write_number  lcd.o
    0x000021e0   0x000021e0   0x00000064   Code   RO          323    x$fpl$deqf          fz_ps.l(deqf.o)
    0x00002244   0x00002244   0x0000008c   Code   RO          289    x$fpl$fadd          fz_ps.l(faddsub.o)
    0x000022d0   0x000022d0   0x00000054   Code   RO          300    x$fpl$fleqf         fz_ps.l(flef.o)
    0x00002324   0x00002324   0x000000b0   Code   RO          302    x$fpl$fmul          fz_ps.l(fmul.o)
    0x000023d4   0x000023d4   0x00000058   Code   RO          304    x$fpl$frleqf        fz_ps.l(frlef.o)
    0x0000242c   0x0000242c   0x000000d0   Code   RO          291    x$fpl$fsub          fz_ps.l(faddsub.o)
    0x000024fc   0x000024fc   0x00000000   Code   RO          327    x$fpl$usenofp       fz_ps.l(usenofp.o)
    0x000024fc   0x000024fc   0x0000001c   Data   RO           86    .constdata          lcd.o
    0x00002518   0x00002518   0x00000080   Data   RO          281    .constdata          fz_ps.l(ddiv.o)
    0x00002598   0x00002598   0x00000040   Data   RO          296    .constdata          fz_ps.l(fdiv.o)
    0x000025d8   0x000025d8   0x00000098   Data   RO          330    .constdata          m_ps.l(atan.o)
    0x00002670   0x00002670   0x00000008   Data   RO          352    .constdata          m_ps.l(qnan.o)
    0x00002678   0x00002678   0x00000020   Data   RO          547    Region$$Table       anon$$obj.o


    Execution Region RW_m_data (Exec base: 0x1fffe000, Load base: 0x00002698, Size: 0x00000098, Max: 0x00007800, ABSOLUTE)

    Exec Addr    Load Addr    Size         Type   Attr      Idx    E Section Name        Object

    0x1fffe000   0x00002698   0x00000024   Data   RW            7    .data               main.o
    0x1fffe024   0x000026bc   0x0000000d   Data   RW          166    .data               led.o
    0x1fffe031   0x000026c9   0x00000003   PAD
    0x1fffe034   0x000026cc   0x00000004   Data   RW          225    .data               system_mkl46z4.o
    0x1fffe038        -       0x00000060   Zero   RW          393    .bss                c_p.l(libspace.o)


    Execution Region ARM_LIB_HEAP (Exec base: 0x1fffe098, Load base: 0x000026d0, Size: 0x00000400, Max: 0x00000400, ABSOLUTE)

    Exec Addr    Load Addr    Size         Type   Attr      Idx    E Section Name        Object

    0x1fffe098        -       0x00000400   Zero   RW            1    ARM_LIB_HEAP.bss    anon$$obj.o


    Execution Region ARM_LIB_STACK (Exec base: 0x20005c00, Load base: 0x000026d0, Size: 0x00000400, Max: 0x00000400, ABSOLUTE)

    Exec Addr    Load Addr    Size         Type   Attr      Idx    E Section Name        Object

    0x20005c00        -       0x00000400   Zero   RW            2    ARM_LIB_STACK.bss   anon$$obj.o


==============================================================================

Image component sizes


      Code (inc. data)   RO Data    RW Data    ZI Data      Debug   Object Name

       448         72         28          0          0       1984   lcd.o
       584        100          0         13          0      11041   led.o
       284         30          0          0          0       2005   magnetometor.o
       660         86          0         36          0     280819   main.o
       156         70        208          0          0       1140   startup_mkl46z4.o
        22          6          0          4          0       1036   system_mkl46z4.o

    ----------------------------------------------------------------------
      2156        364        268         56       2048     298025   Object Totals
         0          0         32          0       2048          0   (incl. Generated)
         2          0          0          3          0          0   (incl. Padding)

    ----------------------------------------------------------------------

      Code (inc. data)   RO Data    RW Data    ZI Data      Debug   Library Member Name

         8          0          0          0          0         68   __main.o
         0          0          0          0          0          0   __rtentry.o
        12          0          0          0          0          0   __rtentry2.o
         8          4          0          0          0          0   __rtentry7.o
        60          8          0          0          0          0   __scatter.o
        26          0          0          0          0          0   __scatter_copy.o
        28          0          0          0          0          0   __scatter_zi.o
        22          0          0          0          0         92   _rserrno.o
       346          0          0          0          0         92   aeabi_sdiv.o
        16          0          0          0          0         68   exit.o
         0          0          0          0          0          0   indicate_semi.o
         2          0          0          0          0          0   libinit.o
         2          0          0          0          0          0   libinit2.o
         2          0          0          0          0          0   libshutdown.o
         2          0          0          0          0          0   libshutdown2.o
         0          0          0          0         96          0   libspace.o
         8          4          0          0          0         68   rt_errno_addr_intlibspace.o
         2          0          0          0          0          0   rtexit.o
        10          0          0          0          0          0   rtexit2.o
        12          4          0          0          0         60   sys_exit.o
         2          0          0          0          0         68   use_no_semi.o
        46          0          0          0          0         60   cmpret.o
       856         20          0          0          0        208   daddsub.o
       144          4          0          0          0         76   dcmpin.o
      1096         26        128          0          0        112   ddiv.o
       100          4          0          0          0         92   deqf.o
       108         10          0          0          0         72   dfixi.o
       584         26          0          0          0         84   dmul.o
        20          6          0          0          0         68   dnan2.o
        96         12          0          0          0         72   dscalbn.o
        84          4          0          0          0         60   f2d.o
       348          8          0          0          0        160   faddsub.o
       100          4          0          0          0         68   fcmpin.o
       352         10         64          0          0         92   fdiv.o
        94          0          0          0          0         92   fflti.o
        84          4          0          0          0         76   flef.o
       176          4          0          0          0         80   fmul.o
        16          6          0          0          0         68   fnan2.o
        88          4          0          0          0         76   frlef.o
        94          0          0          0          0         68   retnan.o
         0          0          0          0          0          0   usenofp.o
       540         68        152          0          0        112   atan.o
       412         40          0          0          0        144   atan2.o
        38          6          0          0          0        204   dunder.o
        44          4          0          0          0         60   fpclassify.o
       172          0          0          0          0         76   poly.o
         0          0          8          0          0          0   qnan.o

    ----------------------------------------------------------------------
      6272        290        352          0         96       2796   Library Totals
        12          0          0          0          0          0   (incl. Padding)

    ----------------------------------------------------------------------

      Code (inc. data)   RO Data    RW Data    ZI Data      Debug   Library Name

       568         20          0          0         96        516   c_p.l
      4486        152        192          0          0       1684   fz_ps.l
      1206        118        160          0          0        596   m_ps.l

    ----------------------------------------------------------------------
      6272        290        352          0         96       2796   Library Totals

    ----------------------------------------------------------------------

==============================================================================


      Code (inc. data)   RO Data    RW Data    ZI Data      Debug   

      8428        654        620         56       2144     298789   Grand Totals
      8428        654        620         56       2144     298789   ELF Image Totals
      8428        654        620         56          0          0   ROM Totals

==============================================================================

    Total RO  Size (Code + RO Data)                 9048 (   8.84kB)
    Total RW  Size (RW Data + ZI Data)              2200 (   2.15kB)
    Total ROM Size (Code + RO Data + RW Data)       9104 (   8.89kB)

==============================================================================

